******************************************************************************
                  TI ARM Linker Unix v18.1.1                   
******************************************************************************
>> Linked Thu Apr 12 20:34:35 2018

OUTPUT FILE NAME:   <Tarea1.out>
ENTRY POINT SYMBOL: "_c_int00_noargs"  address: 0000083d


MEMORY CONFIGURATION

         name            origin    length      used     unused   attr    fill
----------------------  --------  ---------  --------  --------  ----  --------
  MAIN                  00000000   00040000  00000a64  0003f59c  R  X
  INFO                  00200000   00004000  00000000  00004000  R  X
  SRAM_CODE             01000000   00010000  0000061c  0000f9e4  RW X
  SRAM_DATA             20000000   00010000  0000061c  0000f9e4  RW  


SEGMENT ALLOCATION MAP

run origin  load origin   length   init length attrs members
----------  ----------- ---------- ----------- ----- -------
00000000    00000000    00000a68   00000a68    r-x
  00000000    00000000    000000e4   000000e4    r-- .intvecs
  000000e4    000000e4    00000888   00000888    r-x .text
  0000096c    0000096c    000000b8   000000b8    r-- .const
  00000a28    00000a28    00000040   00000040    r-- .cinit
20000000    20000000    0000041c   00000000    rw-
  20000000    20000000    00000400   00000000    rw- .sysmem
  20000400    20000400    00000018   00000000    rw- .data
  20000418    20000418    00000004   00000000    rw- .bss
2000fe00    2000fe00    00000200   00000000    rw-
  2000fe00    2000fe00    00000200   00000000    rw- .stack


SECTION ALLOCATION MAP

 output                                  attributes/
section   page    origin      length       input sections
--------  ----  ----------  ----------   ----------------
.intvecs   0    00000000    000000e4     
                  00000000    000000e4     startup_msp432p401r_ccs.obj (.intvecs:retain)

.text      0    000000e4    00000888     
                  000000e4    00000334     system_msp432p401r.obj (.text)
                  00000418    000000d8     rtsv7M4_T_le_v4SPD16_eabi.lib : memory.c.obj (.text:free)
                  000004f0    000000d0     Button.obj (.text)
                  000005c0    0000009c     rtsv7M4_T_le_v4SPD16_eabi.lib : memcpy_t2.asm.obj (.text)
                  0000065c    00000080     main.obj (.text)
                  000006dc    00000078     rtsv7M4_T_le_v4SPD16_eabi.lib : memory.c.obj (.text:malloc)
                  00000754    00000068                                   : copy_decompress_lzss.c.obj (.text:decompress:lzss:__TI_decompress_lzss)
                  000007bc    00000044                                   : autoinit.c.obj (.text:__TI_auto_init_nobinit_nopinit:__TI_auto_init_nobinit_nopinit)
                  00000800    0000003c                                   : memory.c.obj (.text:minsert)
                  0000083c    00000038                                   : boot_cortex_m.c.obj (.text:_c_int00_noargs:_c_int00_noargs)
                  00000874    00000038                                   : memory.c.obj (.text:minit)
                  000008ac    00000028                                   : memory.c.obj (.text:mremove)
                  000008d4    00000022                                   : new.cpp.obj (.text:_Znwj)
                  000008f6    00000012                                   : copy_zero_init.c.obj (.text:decompress:ZI:__TI_zero_init_nomemset:__TI_zero_init_nomemset)
                  00000908    0000000e                                   : typeinfo.c.obj (.text:_ZN10__cxxabiv117__class_type_infoD0Ev)
                  00000916    0000000e                                   : typeinfo.c.obj (.text:_ZN10__cxxabiv120__si_class_type_infoD0Ev)
                  00000924    0000000e                                   : copy_decompress_none.c.obj (.text:decompress:none:__TI_decompress_none)
                  00000932    0000000e     startup_msp432p401r_ccs.obj (.text)
                  00000940    0000000c     rtsv7M4_T_le_v4SPD16_eabi.lib : new.cpp.obj (.text:_ZSt15get_new_handlerv)
                  0000094c    00000008                                   : new.cpp.obj (.text:_ZdlPv)
                  00000954    00000004                                   : typeinfo.c.obj (.text:_ZN10__cxxabiv117__class_type_infoD1Ev)
                  00000958    00000004                                   : typeinfo.c.obj (.text:_ZN10__cxxabiv120__si_class_type_infoD1Ev)
                  0000095c    00000004                                   : new.cpp.obj (.text:_ZdlPvj)
                  00000960    00000004                                   : pre_init.c.obj (.text:_system_pre_init)
                  00000964    00000004                                   : exit.c.obj (.text:abort:abort)
                  00000968    00000002                                   : stdlib_typeinfo.cpp.obj (.text:_ZNSt9type_infoD1Ev)
                  0000096a    00000002                                   : _lock.c.obj (.text:_nop)

.const     0    0000096c    000000b8     
                  0000096c    00000025     rtsv7M4_T_le_v4SPD16_eabi.lib : typeinfo.c.obj (.const:.typeinfo:_ZTSN10__cxxabiv120__si_class_type_infoE)
                  00000991    00000022                                   : typeinfo.c.obj (.const:.typeinfo:_ZTSN10__cxxabiv117__class_type_infoE)
                  000009b3    00000001     --HOLE-- [fill = 0]
                  000009b4    00000010     Button.obj (.const:_ZTV6Button)
                  000009c4    00000010     rtsv7M4_T_le_v4SPD16_eabi.lib : typeinfo.c.obj (.const:_ZTVN10__cxxabiv117__class_type_infoE)
                  000009d4    00000010                                   : typeinfo.c.obj (.const:_ZTVN10__cxxabiv120__si_class_type_infoE)
                  000009e4    0000000d                                   : stdlib_typeinfo.cpp.obj (.const:.typeinfo:_ZTSSt9type_info)
                  000009f1    00000003     --HOLE-- [fill = 0]
                  000009f4    0000000c                                   : typeinfo.c.obj (.const:.typeinfo:_ZTIN10__cxxabiv117__class_type_infoE)
                  00000a00    0000000c                                   : typeinfo.c.obj (.const:.typeinfo:_ZTIN10__cxxabiv120__si_class_type_infoE)
                  00000a0c    00000008     Button.obj (.const:.typeinfo:_ZTI6Button)
                  00000a14    00000008     rtsv7M4_T_le_v4SPD16_eabi.lib : stdlib_typeinfo.cpp.obj (.const:.typeinfo:_ZTISt9type_info)
                  00000a1c    00000008     Button.obj (.const:.typeinfo:_ZTS6Button)

.cinit     0    00000a28    00000040     
                  00000a28    00000016     (.cinit..data.load) [load image, compression = lzss]
                  00000a3e    00000002     --HOLE-- [fill = 0]
                  00000a40    0000000c     (__TI_handler_table)
                  00000a4c    00000004     --HOLE-- [fill = 0]
                  00000a50    00000008     (.cinit..bss.load) [load image, compression = zero_init]
                  00000a58    00000010     (__TI_cinit_table)

.init_array 
*          0    00000000    00000000     UNINITIALIZED

.binit     0    00000000    00000000     

.sysmem    0    20000000    00000400     UNINITIALIZED
                  20000000    00000008     rtsv7M4_T_le_v4SPD16_eabi.lib : memory.c.obj (.sysmem)
                  20000008    000003f8     --HOLE--

.data      0    20000400    00000018     UNINITIALIZED
                  20000400    0000000c     rtsv7M4_T_le_v4SPD16_eabi.lib : memory.c.obj (.data:$O1$$)
                  2000040c    00000008                                   : _lock.c.obj (.data:$O1$$)
                  20000414    00000004     system_msp432p401r.obj (.data)

.bss       0    20000418    00000004     UNINITIALIZED
                  20000418    00000004     rtsv7M4_T_le_v4SPD16_eabi.lib : new.cpp.obj (.bss)

.stack     0    2000fe00    00000200     UNINITIALIZED
                  2000fe00    00000004     rtsv7M4_T_le_v4SPD16_eabi.lib : boot_cortex_m.c.obj (.stack)
                  2000fe04    000001fc     --HOLE--

MODULE SUMMARY

       Module                        code   ro data   rw data
       ------                        ----   -------   -------
    ./
       system_msp432p401r.obj        820    0         8      
       startup_msp432p401r_ccs.obj   14     228       0      
       Button.obj                    208    32        0      
       main.obj                      128    0         0      
    +--+-----------------------------+------+---------+---------+
       Total:                        1170   260       8      
                                                             
    /opt/ti/ccsv8/tools/compiler/ti-cgt-arm_18.1.1.LTS/lib/rtsv7M4_T_le_v4SPD16_eabi.lib
       memory.c.obj                  492    0         24     
       typeinfo.c.obj                36     127       0      
       memcpy_t2.asm.obj             156    0         0      
       copy_decompress_lzss.c.obj    104    0         0      
       autoinit.c.obj                68     0         0      
       new.cpp.obj                   58     0         8      
       boot_cortex_m.c.obj           56     0         0      
       stdlib_typeinfo.cpp.obj       2      21        0      
       _lock.c.obj                   2      0         16     
       copy_zero_init.c.obj          18     0         0      
       copy_decompress_none.c.obj    14     0         0      
       exit.c.obj                    4      0         0      
       pre_init.c.obj                4      0         0      
    +--+-----------------------------+------+---------+---------+
       Total:                        1014   148       48     
                                                             
       Heap:                         0      0         2048   
       Stack:                        0      0         1024   
       Linker Generated:             0      58        0      
    +--+-----------------------------+------+---------+---------+
       Grand Total:                  2184   466       3128   


LINKER GENERATED COPY TABLES

__TI_cinit_table @ 00000a58 records: 2, size/record: 8, table size: 16
	.data: load addr=00000a28, load size=00000016 bytes, run addr=20000400, run size=00000018 bytes, compression=lzss
	.bss: load addr=00000a50, load size=00000008 bytes, run addr=20000418, run size=00000004 bytes, compression=zero_init


LINKER GENERATED HANDLER TABLE

__TI_handler_table @ 00000a40 records: 3, size/record: 4, table size: 12
	index: 0, handler: __TI_decompress_lzss
	index: 1, handler: __TI_decompress_none
	index: 2, handler: __TI_zero_init


GLOBAL SYMBOLS: SORTED ALPHABETICALLY BY Name 

address   name                                     
-------   ----                                     
0000093f  ADC14_IRQHandler                         
0000093f  AES256_IRQHandler                        
0000093f  BusFault_Handler                         
00000965  C$$EXIT                                  
0000093f  COMP_E0_IRQHandler                       
0000093f  COMP_E1_IRQHandler                       
0000093f  CS_IRQHandler                            
0000093f  DMA_ERR_IRQHandler                       
0000093f  DMA_INT0_IRQHandler                      
0000093f  DMA_INT1_IRQHandler                      
0000093f  DMA_INT2_IRQHandler                      
0000093f  DMA_INT3_IRQHandler                      
0000093f  DebugMon_Handler                         
0000093f  Default_Handler                          
0000093f  EUSCIA0_IRQHandler                       
0000093f  EUSCIA1_IRQHandler                       
0000093f  EUSCIA2_IRQHandler                       
0000093f  EUSCIA3_IRQHandler                       
0000093f  EUSCIB0_IRQHandler                       
0000093f  EUSCIB1_IRQHandler                       
0000093f  EUSCIB2_IRQHandler                       
0000093f  EUSCIB3_IRQHandler                       
0000093f  FLCTL_IRQHandler                         
0000093f  FPU_IRQHandler                           
0000093f  HardFault_Handler                        
0000093f  MemManage_Handler                        
0000093f  NMI_Handler                              
0000093f  PCM_IRQHandler                           
0000093f  PORT1_IRQHandler                         
0000093f  PORT2_IRQHandler                         
0000093f  PORT3_IRQHandler                         
0000093f  PORT4_IRQHandler                         
0000093f  PORT5_IRQHandler                         
0000093f  PORT6_IRQHandler                         
0000093f  PSS_IRQHandler                           
0000093f  PendSV_Handler                           
0000093f  RTC_C_IRQHandler                         
00000933  Reset_Handler                            
0000093f  SVC_Handler                              
0000093f  SysTick_Handler                          
20000414  SystemCoreClock                          
000000e5  SystemCoreClockUpdate                    
0000035d  SystemInit                               
0000093f  T32_INT1_IRQHandler                      
0000093f  T32_INT2_IRQHandler                      
0000093f  T32_INTC_IRQHandler                      
0000093f  TA0_0_IRQHandler                         
0000093f  TA0_N_IRQHandler                         
0000093f  TA1_0_IRQHandler                         
0000093f  TA1_N_IRQHandler                         
0000093f  TA2_0_IRQHandler                         
0000093f  TA2_N_IRQHandler                         
0000093f  TA3_0_IRQHandler                         
0000093f  TA3_N_IRQHandler                         
0000093f  UsageFault_Handler                       
4000480c  WDTCTL_SYM                               
0000093f  WDT_A_IRQHandler                         
00000909  _ZN10__cxxabiv117__class_type_infoD0Ev   
00000955  _ZN10__cxxabiv117__class_type_infoD1Ev   
00000955  _ZN10__cxxabiv117__class_type_infoD2Ev   
00000917  _ZN10__cxxabiv120__si_class_type_infoD0Ev
00000959  _ZN10__cxxabiv120__si_class_type_infoD1Ev
00000959  _ZN10__cxxabiv120__si_class_type_infoD2Ev
0000057f  _ZN6Button15ConfigureButtonEv            
00000561  _ZN6Button7PressedEv                     
0000052b  _ZN6ButtonC1Ei                           
000004f1  _ZN6ButtonC1Ev                           
0000052b  _ZN6ButtonC2Ei                           
000004f1  _ZN6ButtonC2Ev                           
00000517  _ZN6ButtonD0Ev                           
0000050b  _ZN6ButtonD1Ev                           
0000050b  _ZN6ButtonD2Ev                           
00000969  _ZNSt9type_infoD1Ev                      
00000969  _ZNSt9type_infoD2Ev                      
00000941  _ZSt15get_new_handlerv                   
00000965  _ZSt17__throw_bad_allocv                 
00000a0c  _ZTI6Button                              
000009f4  _ZTIN10__cxxabiv117__class_type_infoE    
00000a00  _ZTIN10__cxxabiv120__si_class_type_infoE 
00000a14  _ZTISt9type_info                         
00000a1c  _ZTS6Button                              
00000991  _ZTSN10__cxxabiv117__class_type_infoE    
0000096c  _ZTSN10__cxxabiv120__si_class_type_infoE 
000009e4  _ZTSSt9type_info                         
000009b4  _ZTV6Button                              
000009c4  _ZTVN10__cxxabiv117__class_type_infoE    
000009d4  _ZTVN10__cxxabiv120__si_class_type_infoE 
0000094d  _ZdlPv                                   
0000095d  _ZdlPvj                                  
000008d5  _Znwj                                    
20010000  __STACK_END                              
00000200  __STACK_SIZE                             
00000400  __SYSMEM_SIZE                            
00000a58  __TI_CINIT_Base                          
00000a68  __TI_CINIT_Limit                         
00000a40  __TI_Handler_Table_Base                  
00000a4c  __TI_Handler_Table_Limit                 
000007bd  __TI_auto_init_nobinit_nopinit           
00000755  __TI_decompress_lzss                     
00000925  __TI_decompress_none                     
ffffffff  __TI_pprof_out_hndl                      
ffffffff  __TI_prof_data_size                      
ffffffff  __TI_prof_data_start                     
00000000  __TI_static_base__                       
000008f7  __TI_zero_init_nomemset                  
000005c1  __aeabi_memcpy                           
000005c1  __aeabi_memcpy4                          
000005c1  __aeabi_memcpy8                          
ffffffff  __binit__                                
ffffffff  __c_args__                               
UNDEFED   __mpu_init                               
2000fe00  __stack                                  
0000083d  _c_int00_noargs                          
2000040c  _lock                                    
0000096b  _nop                                     
20000000  _sys_memory                              
UNDEFED   _system_post_cinit                       
00000961  _system_pre_init                         
20000410  _unlock                                  
00000965  abort                                    
ffffffff  binit                                    
00000419  free                                     
00000000  interruptVectors                         
0000065d  main                                     
000006dd  malloc                                   
000005c1  memcpy                                   
00000875  minit                                    


GLOBAL SYMBOLS: SORTED BY Symbol Address 

address   name                                     
-------   ----                                     
00000000  __TI_static_base__                       
00000000  interruptVectors                         
000000e5  SystemCoreClockUpdate                    
00000200  __STACK_SIZE                             
0000035d  SystemInit                               
00000400  __SYSMEM_SIZE                            
00000419  free                                     
000004f1  _ZN6ButtonC1Ev                           
000004f1  _ZN6ButtonC2Ev                           
0000050b  _ZN6ButtonD1Ev                           
0000050b  _ZN6ButtonD2Ev                           
00000517  _ZN6ButtonD0Ev                           
0000052b  _ZN6ButtonC1Ei                           
0000052b  _ZN6ButtonC2Ei                           
00000561  _ZN6Button7PressedEv                     
0000057f  _ZN6Button15ConfigureButtonEv            
000005c1  __aeabi_memcpy                           
000005c1  __aeabi_memcpy4                          
000005c1  __aeabi_memcpy8                          
000005c1  memcpy                                   
0000065d  main                                     
000006dd  malloc                                   
00000755  __TI_decompress_lzss                     
000007bd  __TI_auto_init_nobinit_nopinit           
0000083d  _c_int00_noargs                          
00000875  minit                                    
000008d5  _Znwj                                    
000008f7  __TI_zero_init_nomemset                  
00000909  _ZN10__cxxabiv117__class_type_infoD0Ev   
00000917  _ZN10__cxxabiv120__si_class_type_infoD0Ev
00000925  __TI_decompress_none                     
00000933  Reset_Handler                            
0000093f  ADC14_IRQHandler                         
0000093f  AES256_IRQHandler                        
0000093f  BusFault_Handler                         
0000093f  COMP_E0_IRQHandler                       
0000093f  COMP_E1_IRQHandler                       
0000093f  CS_IRQHandler                            
0000093f  DMA_ERR_IRQHandler                       
0000093f  DMA_INT0_IRQHandler                      
0000093f  DMA_INT1_IRQHandler                      
0000093f  DMA_INT2_IRQHandler                      
0000093f  DMA_INT3_IRQHandler                      
0000093f  DebugMon_Handler                         
0000093f  Default_Handler                          
0000093f  EUSCIA0_IRQHandler                       
0000093f  EUSCIA1_IRQHandler                       
0000093f  EUSCIA2_IRQHandler                       
0000093f  EUSCIA3_IRQHandler                       
0000093f  EUSCIB0_IRQHandler                       
0000093f  EUSCIB1_IRQHandler                       
0000093f  EUSCIB2_IRQHandler                       
0000093f  EUSCIB3_IRQHandler                       
0000093f  FLCTL_IRQHandler                         
0000093f  FPU_IRQHandler                           
0000093f  HardFault_Handler                        
0000093f  MemManage_Handler                        
0000093f  NMI_Handler                              
0000093f  PCM_IRQHandler                           
0000093f  PORT1_IRQHandler                         
0000093f  PORT2_IRQHandler                         
0000093f  PORT3_IRQHandler                         
0000093f  PORT4_IRQHandler                         
0000093f  PORT5_IRQHandler                         
0000093f  PORT6_IRQHandler                         
0000093f  PSS_IRQHandler                           
0000093f  PendSV_Handler                           
0000093f  RTC_C_IRQHandler                         
0000093f  SVC_Handler                              
0000093f  SysTick_Handler                          
0000093f  T32_INT1_IRQHandler                      
0000093f  T32_INT2_IRQHandler                      
0000093f  T32_INTC_IRQHandler                      
0000093f  TA0_0_IRQHandler                         
0000093f  TA0_N_IRQHandler                         
0000093f  TA1_0_IRQHandler                         
0000093f  TA1_N_IRQHandler                         
0000093f  TA2_0_IRQHandler                         
0000093f  TA2_N_IRQHandler                         
0000093f  TA3_0_IRQHandler                         
0000093f  TA3_N_IRQHandler                         
0000093f  UsageFault_Handler                       
0000093f  WDT_A_IRQHandler                         
00000941  _ZSt15get_new_handlerv                   
0000094d  _ZdlPv                                   
00000955  _ZN10__cxxabiv117__class_type_infoD1Ev   
00000955  _ZN10__cxxabiv117__class_type_infoD2Ev   
00000959  _ZN10__cxxabiv120__si_class_type_infoD1Ev
00000959  _ZN10__cxxabiv120__si_class_type_infoD2Ev
0000095d  _ZdlPvj                                  
00000961  _system_pre_init                         
00000965  C$$EXIT                                  
00000965  _ZSt17__throw_bad_allocv                 
00000965  abort                                    
00000969  _ZNSt9type_infoD1Ev                      
00000969  _ZNSt9type_infoD2Ev                      
0000096b  _nop                                     
0000096c  _ZTSN10__cxxabiv120__si_class_type_infoE 
00000991  _ZTSN10__cxxabiv117__class_type_infoE    
000009b4  _ZTV6Button                              
000009c4  _ZTVN10__cxxabiv117__class_type_infoE    
000009d4  _ZTVN10__cxxabiv120__si_class_type_infoE 
000009e4  _ZTSSt9type_info                         
000009f4  _ZTIN10__cxxabiv117__class_type_infoE    
00000a00  _ZTIN10__cxxabiv120__si_class_type_infoE 
00000a0c  _ZTI6Button                              
00000a14  _ZTISt9type_info                         
00000a1c  _ZTS6Button                              
00000a40  __TI_Handler_Table_Base                  
00000a4c  __TI_Handler_Table_Limit                 
00000a58  __TI_CINIT_Base                          
00000a68  __TI_CINIT_Limit                         
20000000  _sys_memory                              
2000040c  _lock                                    
20000410  _unlock                                  
20000414  SystemCoreClock                          
2000fe00  __stack                                  
20010000  __STACK_END                              
4000480c  WDTCTL_SYM                               
ffffffff  __TI_pprof_out_hndl                      
ffffffff  __TI_prof_data_size                      
ffffffff  __TI_prof_data_start                     
ffffffff  __binit__                                
ffffffff  __c_args__                               
ffffffff  binit                                    
UNDEFED   __mpu_init                               
UNDEFED   _system_post_cinit                       

[127 symbols]
