<?xml version="1.0" encoding="ISO-8859-1" ?>
<link_info>
   <banner>TI ARM Linker Unix v18.1.1.LTS</banner>
   <copyright>Copyright (c) 1996-2017 Texas Instruments Incorporated</copyright>
   <link_time>0x5ad0173b</link_time>
   <link_errors>0x0</link_errors>
   <output_file>Tarea1.out</output_file>
   <entry_point>
      <name>_c_int00_noargs</name>
      <address>0x83d</address>
   </entry_point>
   <input_file_list>
      <input_file id="fl-1">
         <path>./</path>
         <kind>object</kind>
         <file>Button.obj</file>
         <name>Button.obj</name>
      </input_file>
      <input_file id="fl-2">
         <path>./</path>
         <kind>object</kind>
         <file>main.obj</file>
         <name>main.obj</name>
      </input_file>
      <input_file id="fl-3">
         <path>./</path>
         <kind>object</kind>
         <file>startup_msp432p401r_ccs.obj</file>
         <name>startup_msp432p401r_ccs.obj</name>
      </input_file>
      <input_file id="fl-4">
         <path>./</path>
         <kind>object</kind>
         <file>system_msp432p401r.obj</file>
         <name>system_msp432p401r.obj</name>
      </input_file>
      <input_file id="fl-8">
         <kind>object</kind>
         <file>&lt;internal&gt;</file>
         <name>&lt;internal&gt;</name>
      </input_file>
      <input_file id="fl-be">
         <path>/opt/ti/ccsv8/tools/compiler/ti-cgt-arm_18.1.1.LTS/lib/</path>
         <kind>archive</kind>
         <file>rtsv7M4_T_le_v4SPD16_eabi.lib</file>
         <name>new.cpp.obj</name>
      </input_file>
      <input_file id="fl-bf">
         <path>/opt/ti/ccsv8/tools/compiler/ti-cgt-arm_18.1.1.LTS/lib/</path>
         <kind>archive</kind>
         <file>rtsv7M4_T_le_v4SPD16_eabi.lib</file>
         <name>typeinfo.c.obj</name>
      </input_file>
      <input_file id="fl-c0">
         <path>/opt/ti/ccsv8/tools/compiler/ti-cgt-arm_18.1.1.LTS/lib/</path>
         <kind>archive</kind>
         <file>rtsv7M4_T_le_v4SPD16_eabi.lib</file>
         <name>stdlib_typeinfo.cpp.obj</name>
      </input_file>
      <input_file id="fl-c1">
         <path>/opt/ti/ccsv8/tools/compiler/ti-cgt-arm_18.1.1.LTS/lib/</path>
         <kind>archive</kind>
         <file>rtsv7M4_T_le_v4SPD16_eabi.lib</file>
         <name>copy_zero_init.c.obj</name>
      </input_file>
      <input_file id="fl-c2">
         <path>/opt/ti/ccsv8/tools/compiler/ti-cgt-arm_18.1.1.LTS/lib/</path>
         <kind>archive</kind>
         <file>rtsv7M4_T_le_v4SPD16_eabi.lib</file>
         <name>copy_decompress_none.c.obj</name>
      </input_file>
      <input_file id="fl-c3">
         <path>/opt/ti/ccsv8/tools/compiler/ti-cgt-arm_18.1.1.LTS/lib/</path>
         <kind>archive</kind>
         <file>rtsv7M4_T_le_v4SPD16_eabi.lib</file>
         <name>copy_decompress_lzss.c.obj</name>
      </input_file>
      <input_file id="fl-c4">
         <path>/opt/ti/ccsv8/tools/compiler/ti-cgt-arm_18.1.1.LTS/lib/</path>
         <kind>archive</kind>
         <file>rtsv7M4_T_le_v4SPD16_eabi.lib</file>
         <name>boot_cortex_m.c.obj</name>
      </input_file>
      <input_file id="fl-c5">
         <path>/opt/ti/ccsv8/tools/compiler/ti-cgt-arm_18.1.1.LTS/lib/</path>
         <kind>archive</kind>
         <file>rtsv7M4_T_le_v4SPD16_eabi.lib</file>
         <name>exit.c.obj</name>
      </input_file>
      <input_file id="fl-c6">
         <path>/opt/ti/ccsv8/tools/compiler/ti-cgt-arm_18.1.1.LTS/lib/</path>
         <kind>archive</kind>
         <file>rtsv7M4_T_le_v4SPD16_eabi.lib</file>
         <name>memory.c.obj</name>
      </input_file>
      <input_file id="fl-c7">
         <path>/opt/ti/ccsv8/tools/compiler/ti-cgt-arm_18.1.1.LTS/lib/</path>
         <kind>archive</kind>
         <file>rtsv7M4_T_le_v4SPD16_eabi.lib</file>
         <name>_lock.c.obj</name>
      </input_file>
      <input_file id="fl-c8">
         <path>/opt/ti/ccsv8/tools/compiler/ti-cgt-arm_18.1.1.LTS/lib/</path>
         <kind>archive</kind>
         <file>rtsv7M4_T_le_v4SPD16_eabi.lib</file>
         <name>args_main.c.obj</name>
      </input_file>
      <input_file id="fl-c9">
         <path>/opt/ti/ccsv8/tools/compiler/ti-cgt-arm_18.1.1.LTS/lib/</path>
         <kind>archive</kind>
         <file>rtsv7M4_T_le_v4SPD16_eabi.lib</file>
         <name>stdlib_exception.cpp.obj</name>
      </input_file>
      <input_file id="fl-ca">
         <path>/opt/ti/ccsv8/tools/compiler/ti-cgt-arm_18.1.1.LTS/lib/</path>
         <kind>archive</kind>
         <file>rtsv7M4_T_le_v4SPD16_eabi.lib</file>
         <name>memcpy_t2.asm.obj</name>
      </input_file>
      <input_file id="fl-cb">
         <path>/opt/ti/ccsv8/tools/compiler/ti-cgt-arm_18.1.1.LTS/lib/</path>
         <kind>archive</kind>
         <file>rtsv7M4_T_le_v4SPD16_eabi.lib</file>
         <name>memset_t2.asm.obj</name>
      </input_file>
      <input_file id="fl-cc">
         <path>/opt/ti/ccsv8/tools/compiler/ti-cgt-arm_18.1.1.LTS/lib/</path>
         <kind>archive</kind>
         <file>rtsv7M4_T_le_v4SPD16_eabi.lib</file>
         <name>autoinit.c.obj</name>
      </input_file>
      <input_file id="fl-cd">
         <path>/opt/ti/ccsv8/tools/compiler/ti-cgt-arm_18.1.1.LTS/lib/</path>
         <kind>archive</kind>
         <file>rtsv7M4_T_le_v4SPD16_eabi.lib</file>
         <name>pre_init.c.obj</name>
      </input_file>
      <input_file id="fl-ce">
         <path>/opt/ti/ccsv8/tools/compiler/ti-cgt-arm_18.1.1.LTS/lib/</path>
         <kind>archive</kind>
         <file>rtsv7M4_T_le_v4SPD16_eabi.lib</file>
         <name>cpy_tbl.c.obj</name>
      </input_file>
   </input_file_list>
   <object_component_list>
      <object_component id="oc-23">
         <name>.intvecs:retain</name>
         <load_address>0x0</load_address>
         <run_address>0x0</run_address>
         <size>0xe4</size>
         <input_file_ref idref="fl-3"/>
      </object_component>
      <object_component id="oc-a9">
         <name>.text</name>
         <load_address>0xe4</load_address>
         <run_address>0xe4</run_address>
         <size>0x334</size>
         <input_file_ref idref="fl-4"/>
      </object_component>
      <object_component id="oc-1f8">
         <name>.text:free</name>
         <load_address>0x418</load_address>
         <run_address>0x418</run_address>
         <size>0xd8</size>
         <input_file_ref idref="fl-c6"/>
      </object_component>
      <object_component id="oc-d9">
         <name>.text</name>
         <load_address>0x4f0</load_address>
         <run_address>0x4f0</run_address>
         <size>0xd0</size>
         <input_file_ref idref="fl-1"/>
      </object_component>
      <object_component id="oc-37">
         <name>.text</name>
         <load_address>0x5c0</load_address>
         <run_address>0x5c0</run_address>
         <size>0x9c</size>
         <input_file_ref idref="fl-ca"/>
      </object_component>
      <object_component id="oc-97">
         <name>.text</name>
         <load_address>0x65c</load_address>
         <run_address>0x65c</run_address>
         <size>0x80</size>
         <input_file_ref idref="fl-2"/>
      </object_component>
      <object_component id="oc-133">
         <name>.text:malloc</name>
         <load_address>0x6dc</load_address>
         <run_address>0x6dc</run_address>
         <size>0x78</size>
         <input_file_ref idref="fl-c6"/>
      </object_component>
      <object_component id="oc-14">
         <name>.text:decompress:lzss:__TI_decompress_lzss</name>
         <load_address>0x754</load_address>
         <run_address>0x754</run_address>
         <size>0x68</size>
         <input_file_ref idref="fl-c3"/>
      </object_component>
      <object_component id="oc-f3">
         <name>.text:__TI_auto_init_nobinit_nopinit:__TI_auto_init_nobinit_nopinit</name>
         <load_address>0x7bc</load_address>
         <run_address>0x7bc</run_address>
         <size>0x44</size>
         <input_file_ref idref="fl-cc"/>
      </object_component>
      <object_component id="oc-1ad">
         <name>.text:minsert</name>
         <load_address>0x800</load_address>
         <run_address>0x800</run_address>
         <size>0x3c</size>
         <input_file_ref idref="fl-c6"/>
      </object_component>
      <object_component id="oc-55">
         <name>.text:_c_int00_noargs:_c_int00_noargs</name>
         <load_address>0x83c</load_address>
         <run_address>0x83c</run_address>
         <size>0x38</size>
         <input_file_ref idref="fl-c4"/>
      </object_component>
      <object_component id="oc-1a1">
         <name>.text:minit</name>
         <load_address>0x874</load_address>
         <run_address>0x874</run_address>
         <size>0x38</size>
         <input_file_ref idref="fl-c6"/>
      </object_component>
      <object_component id="oc-1a7">
         <name>.text:mremove</name>
         <load_address>0x8ac</load_address>
         <run_address>0x8ac</run_address>
         <size>0x28</size>
         <input_file_ref idref="fl-c6"/>
      </object_component>
      <object_component id="oc-d3">
         <name>.text:_Znwj</name>
         <load_address>0x8d4</load_address>
         <run_address>0x8d4</run_address>
         <size>0x22</size>
         <input_file_ref idref="fl-be"/>
      </object_component>
      <object_component id="oc-43">
         <name>.text:decompress:ZI:__TI_zero_init_nomemset:__TI_zero_init_nomemset</name>
         <load_address>0x8f6</load_address>
         <run_address>0x8f6</run_address>
         <size>0x12</size>
         <input_file_ref idref="fl-c1"/>
      </object_component>
      <object_component id="oc-224">
         <name>.text:_ZN10__cxxabiv117__class_type_infoD0Ev</name>
         <load_address>0x908</load_address>
         <run_address>0x908</run_address>
         <size>0xe</size>
         <input_file_ref idref="fl-bf"/>
      </object_component>
      <object_component id="oc-25b">
         <name>.text:_ZN10__cxxabiv120__si_class_type_infoD0Ev</name>
         <load_address>0x916</load_address>
         <run_address>0x916</run_address>
         <size>0xe</size>
         <input_file_ref idref="fl-bf"/>
      </object_component>
      <object_component id="oc-1a">
         <name>.text:decompress:none:__TI_decompress_none</name>
         <load_address>0x924</load_address>
         <run_address>0x924</run_address>
         <size>0xe</size>
         <input_file_ref idref="fl-c2"/>
      </object_component>
      <object_component id="oc-67">
         <name>.text</name>
         <load_address>0x932</load_address>
         <run_address>0x932</run_address>
         <size>0xe</size>
         <input_file_ref idref="fl-3"/>
      </object_component>
      <object_component id="oc-139">
         <name>.text:_ZSt15get_new_handlerv</name>
         <load_address>0x940</load_address>
         <run_address>0x940</run_address>
         <size>0xc</size>
         <input_file_ref idref="fl-be"/>
      </object_component>
      <object_component id="oc-1bd">
         <name>.text:_ZdlPv</name>
         <load_address>0x94c</load_address>
         <run_address>0x94c</run_address>
         <size>0x8</size>
         <input_file_ref idref="fl-be"/>
      </object_component>
      <object_component id="oc-21e">
         <name>.text:_ZN10__cxxabiv117__class_type_infoD1Ev</name>
         <load_address>0x954</load_address>
         <run_address>0x954</run_address>
         <size>0x4</size>
         <input_file_ref idref="fl-bf"/>
      </object_component>
      <object_component id="oc-255">
         <name>.text:_ZN10__cxxabiv120__si_class_type_infoD1Ev</name>
         <load_address>0x958</load_address>
         <run_address>0x958</run_address>
         <size>0x4</size>
         <input_file_ref idref="fl-bf"/>
      </object_component>
      <object_component id="oc-14c">
         <name>.text:_ZdlPvj</name>
         <load_address>0x95c</load_address>
         <run_address>0x95c</run_address>
         <size>0x4</size>
         <input_file_ref idref="fl-be"/>
      </object_component>
      <object_component id="oc-91">
         <name>.text:_system_pre_init</name>
         <load_address>0x960</load_address>
         <run_address>0x960</run_address>
         <size>0x4</size>
         <input_file_ref idref="fl-cd"/>
      </object_component>
      <object_component id="oc-e7">
         <name>.text:abort:abort</name>
         <load_address>0x964</load_address>
         <run_address>0x964</run_address>
         <size>0x4</size>
         <input_file_ref idref="fl-c5"/>
      </object_component>
      <object_component id="oc-23c">
         <name>.text:_ZNSt9type_infoD1Ev</name>
         <load_address>0x968</load_address>
         <run_address>0x968</run_address>
         <size>0x2</size>
         <input_file_ref idref="fl-c0"/>
      </object_component>
      <object_component id="oc-1d2">
         <name>.text:_nop</name>
         <load_address>0x96a</load_address>
         <run_address>0x96a</run_address>
         <size>0x2</size>
         <input_file_ref idref="fl-c7"/>
      </object_component>
      <object_component id="oc-26d">
         <name>.const:.typeinfo:_ZTSN10__cxxabiv120__si_class_type_infoE</name>
         <load_address>0x96c</load_address>
         <run_address>0x96c</run_address>
         <size>0x25</size>
         <input_file_ref idref="fl-bf"/>
      </object_component>
      <object_component id="oc-232">
         <name>.const:.typeinfo:_ZTSN10__cxxabiv117__class_type_infoE</name>
         <load_address>0x991</load_address>
         <run_address>0x991</run_address>
         <size>0x22</size>
         <input_file_ref idref="fl-bf"/>
      </object_component>
      <object_component id="oc-152">
         <name>.const:_ZTV6Button</name>
         <load_address>0x9b4</load_address>
         <run_address>0x9b4</run_address>
         <size>0x10</size>
         <input_file_ref idref="fl-1"/>
      </object_component>
      <object_component id="oc-1ff">
         <name>.const:_ZTVN10__cxxabiv117__class_type_infoE</name>
         <load_address>0x9c4</load_address>
         <run_address>0x9c4</run_address>
         <size>0x10</size>
         <input_file_ref idref="fl-bf"/>
      </object_component>
      <object_component id="oc-22d">
         <name>.const:_ZTVN10__cxxabiv120__si_class_type_infoE</name>
         <load_address>0x9d4</load_address>
         <run_address>0x9d4</run_address>
         <size>0x10</size>
         <input_file_ref idref="fl-bf"/>
      </object_component>
      <object_component id="oc-260">
         <name>.const:.typeinfo:_ZTSSt9type_info</name>
         <load_address>0x9e4</load_address>
         <run_address>0x9e4</run_address>
         <size>0xd</size>
         <input_file_ref idref="fl-c0"/>
      </object_component>
      <object_component id="oc-219">
         <name>.const:.typeinfo:_ZTIN10__cxxabiv117__class_type_infoE</name>
         <load_address>0x9f4</load_address>
         <run_address>0x9f4</run_address>
         <size>0xc</size>
         <input_file_ref idref="fl-bf"/>
      </object_component>
      <object_component id="oc-250">
         <name>.const:.typeinfo:_ZTIN10__cxxabiv120__si_class_type_infoE</name>
         <load_address>0xa00</load_address>
         <run_address>0xa00</run_address>
         <size>0xc</size>
         <input_file_ref idref="fl-bf"/>
      </object_component>
      <object_component id="oc-1c4">
         <name>.const:.typeinfo:_ZTI6Button</name>
         <load_address>0xa0c</load_address>
         <run_address>0xa0c</run_address>
         <size>0x8</size>
         <input_file_ref idref="fl-1"/>
      </object_component>
      <object_component id="oc-237">
         <name>.const:.typeinfo:_ZTISt9type_info</name>
         <load_address>0xa14</load_address>
         <run_address>0xa14</run_address>
         <size>0x8</size>
         <input_file_ref idref="fl-c0"/>
      </object_component>
      <object_component id="oc-204">
         <name>.const:.typeinfo:_ZTS6Button</name>
         <load_address>0xa1c</load_address>
         <run_address>0xa1c</run_address>
         <size>0x8</size>
         <input_file_ref idref="fl-1"/>
      </object_component>
      <object_component id="oc-2b0">
         <name>.cinit..data.load</name>
         <load_address>0xa28</load_address>
         <run_address>0xa28</run_address>
         <size>0x16</size>
      </object_component>
      <object_component id="oc-2ae">
         <name>__TI_handler_table</name>
         <load_address>0xa40</load_address>
         <run_address>0xa40</run_address>
         <size>0xc</size>
      </object_component>
      <object_component id="oc-2b1">
         <name>.cinit..bss.load</name>
         <load_address>0xa50</load_address>
         <run_address>0xa50</run_address>
         <size>0x8</size>
      </object_component>
      <object_component id="oc-2af">
         <name>__TI_cinit_table</name>
         <load_address>0xa58</load_address>
         <run_address>0xa58</run_address>
         <size>0x10</size>
      </object_component>
      <object_component id="oc-283">
         <name>.binit</name>
         <load_address>0x0</load_address>
         <run_address>0x0</run_address>
         <size>0x0</size>
      </object_component>
      <object_component id="oc-125">
         <name>.data</name>
         <load_address>0x20000414</load_address>
         <run_address>0x20000414</run_address>
         <size>0x4</size>
         <input_file_ref idref="fl-4"/>
      </object_component>
      <object_component id="oc-1b3">
         <name>.data:$O1$$</name>
         <load_address>0x20000400</load_address>
         <run_address>0x20000400</run_address>
         <size>0xc</size>
         <input_file_ref idref="fl-c6"/>
      </object_component>
      <object_component id="oc-183">
         <name>.data:$O1$$</name>
         <load_address>0x2000040c</load_address>
         <run_address>0x2000040c</run_address>
         <size>0x8</size>
         <input_file_ref idref="fl-c7"/>
      </object_component>
      <object_component id="oc-1b7">
         <name>.bss</name>
         <uninitialized>true</uninitialized>
         <run_address>0x20000418</run_address>
         <size>0x4</size>
         <input_file_ref idref="fl-be"/>
      </object_component>
      <object_component id="oc-29">
         <name>.sysmem</name>
         <uninitialized>true</uninitialized>
         <run_address>0x20000000</run_address>
         <size>0x8</size>
         <input_file_ref idref="fl-c6"/>
      </object_component>
      <object_component id="oc-2b3">
         <name>.sysmem</name>
         <uninitialized>true</uninitialized>
         <run_address>0x20000000</run_address>
         <size>0x0</size>
      </object_component>
      <object_component id="oc-26">
         <name>.stack</name>
         <uninitialized>true</uninitialized>
         <run_address>0x2000fe00</run_address>
         <size>0x4</size>
         <input_file_ref idref="fl-c4"/>
      </object_component>
      <object_component id="oc-2b2">
         <name>.stack</name>
         <uninitialized>true</uninitialized>
         <run_address>0x2000fe00</run_address>
         <size>0x0</size>
      </object_component>
      <object_component id="oc-15d">
         <name>.debug_info</name>
         <load_address>0x0</load_address>
         <run_address>0x0</run_address>
         <size>0x1cd3</size>
         <input_file_ref idref="fl-1"/>
      </object_component>
      <object_component id="oc-153">
         <name>.debug_info</name>
         <load_address>0x1cd3</load_address>
         <run_address>0x1cd3</run_address>
         <size>0xfb</size>
         <input_file_ref idref="fl-1"/>
      </object_component>
      <object_component id="oc-1c5">
         <name>.debug_info</name>
         <load_address>0x1dce</load_address>
         <run_address>0x1dce</run_address>
         <size>0xed</size>
         <input_file_ref idref="fl-1"/>
      </object_component>
      <object_component id="oc-205">
         <name>.debug_info</name>
         <load_address>0x1ebb</load_address>
         <run_address>0x1ebb</run_address>
         <size>0xf2</size>
         <input_file_ref idref="fl-1"/>
      </object_component>
      <object_component id="oc-da">
         <name>.debug_info</name>
         <load_address>0x1fad</load_address>
         <run_address>0x1fad</run_address>
         <size>0x43f</size>
         <input_file_ref idref="fl-1"/>
      </object_component>
      <object_component id="oc-161">
         <name>.debug_info</name>
         <load_address>0x23ec</load_address>
         <run_address>0x23ec</run_address>
         <size>0x139b</size>
         <input_file_ref idref="fl-1"/>
      </object_component>
      <object_component id="oc-166">
         <name>.debug_info</name>
         <load_address>0x3787</load_address>
         <run_address>0x3787</run_address>
         <size>0x46de</size>
         <input_file_ref idref="fl-1"/>
      </object_component>
      <object_component id="oc-158">
         <name>.debug_info</name>
         <load_address>0x7e65</load_address>
         <run_address>0x7e65</run_address>
         <size>0xfe</size>
         <input_file_ref idref="fl-1"/>
      </object_component>
      <object_component id="oc-16b">
         <name>.debug_info</name>
         <load_address>0x7f63</load_address>
         <run_address>0x7f63</run_address>
         <size>0x73</size>
         <input_file_ref idref="fl-1"/>
      </object_component>
      <object_component id="oc-e0">
         <name>.debug_info</name>
         <load_address>0x7fd6</load_address>
         <run_address>0x7fd6</run_address>
         <size>0x8b</size>
         <input_file_ref idref="fl-1"/>
      </object_component>
      <object_component id="oc-17a">
         <name>.debug_info</name>
         <load_address>0x8061</load_address>
         <run_address>0x8061</run_address>
         <size>0x2c9</size>
         <input_file_ref idref="fl-1"/>
      </object_component>
      <object_component id="oc-170">
         <name>.debug_info</name>
         <load_address>0x832a</load_address>
         <run_address>0x832a</run_address>
         <size>0xbb</size>
         <input_file_ref idref="fl-1"/>
      </object_component>
      <object_component id="oc-175">
         <name>.debug_info</name>
         <load_address>0x83e5</load_address>
         <run_address>0x83e5</run_address>
         <size>0x2a1</size>
         <input_file_ref idref="fl-1"/>
      </object_component>
      <object_component id="oc-1cb">
         <name>.debug_info</name>
         <load_address>0x8686</load_address>
         <run_address>0x8686</run_address>
         <size>0xfe</size>
         <input_file_ref idref="fl-1"/>
      </object_component>
      <object_component id="oc-e5">
         <name>.debug_info</name>
         <load_address>0x8784</load_address>
         <run_address>0x8784</run_address>
         <size>0x180f</size>
         <input_file_ref idref="fl-2"/>
      </object_component>
      <object_component id="oc-98">
         <name>.debug_info</name>
         <load_address>0x9f93</load_address>
         <run_address>0x9f93</run_address>
         <size>0x185</size>
         <input_file_ref idref="fl-2"/>
      </object_component>
      <object_component id="oc-6f">
         <name>.debug_info</name>
         <load_address>0xa118</load_address>
         <run_address>0xa118</run_address>
         <size>0x2d2</size>
         <input_file_ref idref="fl-3"/>
      </object_component>
      <object_component id="oc-24">
         <name>.debug_info</name>
         <load_address>0xa3ea</load_address>
         <run_address>0xa3ea</run_address>
         <size>0xfe</size>
         <input_file_ref idref="fl-3"/>
      </object_component>
      <object_component id="oc-68">
         <name>.debug_info</name>
         <load_address>0xa4e8</load_address>
         <run_address>0xa4e8</run_address>
         <size>0x1c5</size>
         <input_file_ref idref="fl-3"/>
      </object_component>
      <object_component id="oc-b2">
         <name>.debug_info</name>
         <load_address>0xa6ad</load_address>
         <run_address>0xa6ad</run_address>
         <size>0x26b</size>
         <input_file_ref idref="fl-3"/>
      </object_component>
      <object_component id="oc-32">
         <name>.debug_info</name>
         <load_address>0xa918</load_address>
         <run_address>0xa918</run_address>
         <size>0x84</size>
         <input_file_ref idref="fl-3"/>
      </object_component>
      <object_component id="oc-12e">
         <name>.debug_info</name>
         <load_address>0xa99c</load_address>
         <run_address>0xa99c</run_address>
         <size>0x297</size>
         <input_file_ref idref="fl-3"/>
      </object_component>
      <object_component id="oc-129">
         <name>.debug_info</name>
         <load_address>0xac33</load_address>
         <run_address>0xac33</run_address>
         <size>0xbb</size>
         <input_file_ref idref="fl-3"/>
      </object_component>
      <object_component id="oc-126">
         <name>.debug_info</name>
         <load_address>0xacee</load_address>
         <run_address>0xacee</run_address>
         <size>0xf7</size>
         <input_file_ref idref="fl-4"/>
      </object_component>
      <object_component id="oc-aa">
         <name>.debug_info</name>
         <load_address>0xade5</load_address>
         <run_address>0xade5</run_address>
         <size>0x269</size>
         <input_file_ref idref="fl-4"/>
      </object_component>
      <object_component id="oc-140">
         <name>.debug_info</name>
         <load_address>0xb04e</load_address>
         <run_address>0xb04e</run_address>
         <size>0x46a</size>
         <input_file_ref idref="fl-be"/>
      </object_component>
      <object_component id="oc-1b8">
         <name>.debug_info</name>
         <load_address>0xb4b8</load_address>
         <run_address>0xb4b8</run_address>
         <size>0x149</size>
         <input_file_ref idref="fl-be"/>
      </object_component>
      <object_component id="oc-13a">
         <name>.debug_info</name>
         <load_address>0xb601</load_address>
         <run_address>0xb601</run_address>
         <size>0x197</size>
         <input_file_ref idref="fl-be"/>
      </object_component>
      <object_component id="oc-d4">
         <name>.debug_info</name>
         <load_address>0xb798</load_address>
         <run_address>0xb798</run_address>
         <size>0x1b1</size>
         <input_file_ref idref="fl-be"/>
      </object_component>
      <object_component id="oc-1be">
         <name>.debug_info</name>
         <load_address>0xb949</load_address>
         <run_address>0xb949</run_address>
         <size>0x170</size>
         <input_file_ref idref="fl-be"/>
      </object_component>
      <object_component id="oc-14d">
         <name>.debug_info</name>
         <load_address>0xbab9</load_address>
         <run_address>0xbab9</run_address>
         <size>0x171</size>
         <input_file_ref idref="fl-be"/>
      </object_component>
      <object_component id="oc-147">
         <name>.debug_info</name>
         <load_address>0xbc2a</load_address>
         <run_address>0xbc2a</run_address>
         <size>0x6c</size>
         <input_file_ref idref="fl-be"/>
      </object_component>
      <object_component id="oc-142">
         <name>.debug_info</name>
         <load_address>0xbc96</load_address>
         <run_address>0xbc96</run_address>
         <size>0x2c</size>
         <input_file_ref idref="fl-be"/>
      </object_component>
      <object_component id="oc-22a">
         <name>.debug_info</name>
         <load_address>0xbcc2</load_address>
         <run_address>0xbcc2</run_address>
         <size>0x903</size>
         <input_file_ref idref="fl-bf"/>
      </object_component>
      <object_component id="oc-200">
         <name>.debug_info</name>
         <load_address>0xc5c5</load_address>
         <run_address>0xc5c5</run_address>
         <size>0x14a</size>
         <input_file_ref idref="fl-bf"/>
      </object_component>
      <object_component id="oc-22e">
         <name>.debug_info</name>
         <load_address>0xc70f</load_address>
         <run_address>0xc70f</run_address>
         <size>0x150</size>
         <input_file_ref idref="fl-bf"/>
      </object_component>
      <object_component id="oc-21a">
         <name>.debug_info</name>
         <load_address>0xc85f</load_address>
         <run_address>0xc85f</run_address>
         <size>0x13c</size>
         <input_file_ref idref="fl-bf"/>
      </object_component>
      <object_component id="oc-251">
         <name>.debug_info</name>
         <load_address>0xc99b</load_address>
         <run_address>0xc99b</run_address>
         <size>0x142</size>
         <input_file_ref idref="fl-bf"/>
      </object_component>
      <object_component id="oc-233">
         <name>.debug_info</name>
         <load_address>0xcadd</load_address>
         <run_address>0xcadd</run_address>
         <size>0x141</size>
         <input_file_ref idref="fl-bf"/>
      </object_component>
      <object_component id="oc-26e">
         <name>.debug_info</name>
         <load_address>0xcc1e</load_address>
         <run_address>0xcc1e</run_address>
         <size>0x147</size>
         <input_file_ref idref="fl-bf"/>
      </object_component>
      <object_component id="oc-21f">
         <name>.debug_info</name>
         <load_address>0xcd65</load_address>
         <run_address>0xcd65</run_address>
         <size>0x188</size>
         <input_file_ref idref="fl-bf"/>
      </object_component>
      <object_component id="oc-256">
         <name>.debug_info</name>
         <load_address>0xceed</load_address>
         <run_address>0xceed</run_address>
         <size>0x1a1</size>
         <input_file_ref idref="fl-bf"/>
      </object_component>
      <object_component id="oc-25c">
         <name>.debug_info</name>
         <load_address>0xd08e</load_address>
         <run_address>0xd08e</run_address>
         <size>0x195</size>
         <input_file_ref idref="fl-bf"/>
      </object_component>
      <object_component id="oc-225">
         <name>.debug_info</name>
         <load_address>0xd223</load_address>
         <run_address>0xd223</run_address>
         <size>0x17c</size>
         <input_file_ref idref="fl-bf"/>
      </object_component>
      <object_component id="oc-243">
         <name>.debug_info</name>
         <load_address>0xd39f</load_address>
         <run_address>0xd39f</run_address>
         <size>0x59b</size>
         <input_file_ref idref="fl-bf"/>
      </object_component>
      <object_component id="oc-24b">
         <name>.debug_info</name>
         <load_address>0xd93a</load_address>
         <run_address>0xd93a</run_address>
         <size>0x110</size>
         <input_file_ref idref="fl-bf"/>
      </object_component>
      <object_component id="oc-265">
         <name>.debug_info</name>
         <load_address>0xda4a</load_address>
         <run_address>0xda4a</run_address>
         <size>0x728</size>
         <input_file_ref idref="fl-c0"/>
      </object_component>
      <object_component id="oc-238">
         <name>.debug_info</name>
         <load_address>0xe172</load_address>
         <run_address>0xe172</run_address>
         <size>0x121</size>
         <input_file_ref idref="fl-c0"/>
      </object_component>
      <object_component id="oc-261">
         <name>.debug_info</name>
         <load_address>0xe293</load_address>
         <run_address>0xe293</run_address>
         <size>0x126</size>
         <input_file_ref idref="fl-c0"/>
      </object_component>
      <object_component id="oc-23d">
         <name>.debug_info</name>
         <load_address>0xe3b9</load_address>
         <run_address>0xe3b9</run_address>
         <size>0x170</size>
         <input_file_ref idref="fl-c0"/>
      </object_component>
      <object_component id="oc-277">
         <name>.debug_info</name>
         <load_address>0xe529</load_address>
         <run_address>0xe529</run_address>
         <size>0x2c</size>
         <input_file_ref idref="fl-c0"/>
      </object_component>
      <object_component id="oc-268">
         <name>.debug_info</name>
         <load_address>0xe555</load_address>
         <run_address>0xe555</run_address>
         <size>0x21e</size>
         <input_file_ref idref="fl-c0"/>
      </object_component>
      <object_component id="oc-27c">
         <name>.debug_info</name>
         <load_address>0xe773</load_address>
         <run_address>0xe773</run_address>
         <size>0x9c</size>
         <input_file_ref idref="fl-c0"/>
      </object_component>
      <object_component id="oc-8a">
         <name>.debug_info</name>
         <load_address>0xe80f</load_address>
         <run_address>0xe80f</run_address>
         <size>0x313</size>
         <input_file_ref idref="fl-c1"/>
      </object_component>
      <object_component id="oc-44">
         <name>.debug_info</name>
         <load_address>0xeb22</load_address>
         <run_address>0xeb22</run_address>
         <size>0x1b4</size>
         <input_file_ref idref="fl-c1"/>
      </object_component>
      <object_component id="oc-85">
         <name>.debug_info</name>
         <load_address>0xecd6</load_address>
         <run_address>0xecd6</run_address>
         <size>0x46</size>
         <input_file_ref idref="fl-c1"/>
      </object_component>
      <object_component id="oc-ca">
         <name>.debug_info</name>
         <load_address>0xed1c</load_address>
         <run_address>0xed1c</run_address>
         <size>0x2c</size>
         <input_file_ref idref="fl-c1"/>
      </object_component>
      <object_component id="oc-42">
         <name>.debug_info</name>
         <load_address>0xed48</load_address>
         <run_address>0xed48</run_address>
         <size>0x29d</size>
         <input_file_ref idref="fl-c2"/>
      </object_component>
      <object_component id="oc-1b">
         <name>.debug_info</name>
         <load_address>0xefe5</load_address>
         <run_address>0xefe5</run_address>
         <size>0x1df</size>
         <input_file_ref idref="fl-c2"/>
      </object_component>
      <object_component id="oc-3d">
         <name>.debug_info</name>
         <load_address>0xf1c4</load_address>
         <run_address>0xf1c4</run_address>
         <size>0x46</size>
         <input_file_ref idref="fl-c2"/>
      </object_component>
      <object_component id="oc-7d">
         <name>.debug_info</name>
         <load_address>0xf20a</load_address>
         <run_address>0xf20a</run_address>
         <size>0x2c</size>
         <input_file_ref idref="fl-c2"/>
      </object_component>
      <object_component id="oc-7b">
         <name>.debug_info</name>
         <load_address>0xf236</load_address>
         <run_address>0xf236</run_address>
         <size>0x293</size>
         <input_file_ref idref="fl-c3"/>
      </object_component>
      <object_component id="oc-15">
         <name>.debug_info</name>
         <load_address>0xf4c9</load_address>
         <run_address>0xf4c9</run_address>
         <size>0x245</size>
         <input_file_ref idref="fl-c3"/>
      </object_component>
      <object_component id="oc-2d">
         <name>.debug_info</name>
         <load_address>0xf70e</load_address>
         <run_address>0xf70e</run_address>
         <size>0x60</size>
         <input_file_ref idref="fl-c3"/>
      </object_component>
      <object_component id="oc-c3">
         <name>.debug_info</name>
         <load_address>0xf76e</load_address>
         <run_address>0xf76e</run_address>
         <size>0x46</size>
         <input_file_ref idref="fl-c3"/>
      </object_component>
      <object_component id="oc-76">
         <name>.debug_info</name>
         <load_address>0xf7b4</load_address>
         <run_address>0xf7b4</run_address>
         <size>0x39</size>
         <input_file_ref idref="fl-c3"/>
      </object_component>
      <object_component id="oc-27">
         <name>.debug_info</name>
         <load_address>0xf7ed</load_address>
         <run_address>0xf7ed</run_address>
         <size>0x100</size>
         <input_file_ref idref="fl-c4"/>
      </object_component>
      <object_component id="oc-56">
         <name>.debug_info</name>
         <load_address>0xf8ed</load_address>
         <run_address>0xf8ed</run_address>
         <size>0x1a4</size>
         <input_file_ref idref="fl-c4"/>
      </object_component>
      <object_component id="oc-e8">
         <name>.debug_info</name>
         <load_address>0xfa91</load_address>
         <run_address>0xfa91</run_address>
         <size>0x117</size>
         <input_file_ref idref="fl-c5"/>
      </object_component>
      <object_component id="oc-74">
         <name>.debug_info</name>
         <load_address>0xfba8</load_address>
         <run_address>0xfba8</run_address>
         <size>0x3bb</size>
         <input_file_ref idref="fl-c6"/>
      </object_component>
      <object_component id="oc-2a">
         <name>.debug_info</name>
         <load_address>0xff63</load_address>
         <run_address>0xff63</run_address>
         <size>0x101</size>
         <input_file_ref idref="fl-c6"/>
      </object_component>
      <object_component id="oc-1b4">
         <name>.debug_info</name>
         <load_address>0x10064</load_address>
         <run_address>0x10064</run_address>
         <size>0x14c</size>
         <input_file_ref idref="fl-c6"/>
      </object_component>
      <object_component id="oc-1a2">
         <name>.debug_info</name>
         <load_address>0x101b0</load_address>
         <run_address>0x101b0</run_address>
         <size>0x139</size>
         <input_file_ref idref="fl-c6"/>
      </object_component>
      <object_component id="oc-1a8">
         <name>.debug_info</name>
         <load_address>0x102e9</load_address>
         <run_address>0x102e9</run_address>
         <size>0x174</size>
         <input_file_ref idref="fl-c6"/>
      </object_component>
      <object_component id="oc-1ae">
         <name>.debug_info</name>
         <load_address>0x1045d</load_address>
         <run_address>0x1045d</run_address>
         <size>0x172</size>
         <input_file_ref idref="fl-c6"/>
      </object_component>
      <object_component id="oc-134">
         <name>.debug_info</name>
         <load_address>0x105cf</load_address>
         <run_address>0x105cf</run_address>
         <size>0x1db</size>
         <input_file_ref idref="fl-c6"/>
      </object_component>
      <object_component id="oc-1f9">
         <name>.debug_info</name>
         <load_address>0x107aa</load_address>
         <run_address>0x107aa</run_address>
         <size>0x1e6</size>
         <input_file_ref idref="fl-c6"/>
      </object_component>
      <object_component id="oc-b9">
         <name>.debug_info</name>
         <load_address>0x10990</load_address>
         <run_address>0x10990</run_address>
         <size>0x2c</size>
         <input_file_ref idref="fl-c6"/>
      </object_component>
      <object_component id="oc-be">
         <name>.debug_info</name>
         <load_address>0x109bc</load_address>
         <run_address>0x109bc</run_address>
         <size>0x62</size>
         <input_file_ref idref="fl-c6"/>
      </object_component>
      <object_component id="oc-1da">
         <name>.debug_info</name>
         <load_address>0x10a1e</load_address>
         <run_address>0x10a1e</run_address>
         <size>0x2be</size>
         <input_file_ref idref="fl-c7"/>
      </object_component>
      <object_component id="oc-184">
         <name>.debug_info</name>
         <load_address>0x10cdc</load_address>
         <run_address>0x10cdc</run_address>
         <size>0x113</size>
         <input_file_ref idref="fl-c7"/>
      </object_component>
      <object_component id="oc-1d3">
         <name>.debug_info</name>
         <load_address>0x10def</load_address>
         <run_address>0x10def</run_address>
         <size>0x123</size>
         <input_file_ref idref="fl-c7"/>
      </object_component>
      <object_component id="oc-38">
         <name>.debug_info</name>
         <load_address>0x10f12</load_address>
         <run_address>0x10f12</run_address>
         <size>0x111</size>
         <input_file_ref idref="fl-ca"/>
      </object_component>
      <object_component id="oc-18a">
         <name>.debug_info</name>
         <load_address>0x11023</load_address>
         <run_address>0x11023</run_address>
         <size>0x547</size>
         <input_file_ref idref="fl-cc"/>
      </object_component>
      <object_component id="oc-f4">
         <name>.debug_info</name>
         <load_address>0x1156a</load_address>
         <run_address>0x1156a</run_address>
         <size>0x19b</size>
         <input_file_ref idref="fl-cc"/>
      </object_component>
      <object_component id="oc-1e0">
         <name>.debug_info</name>
         <load_address>0x11705</load_address>
         <run_address>0x11705</run_address>
         <size>0x39</size>
         <input_file_ref idref="fl-cc"/>
      </object_component>
      <object_component id="oc-20c">
         <name>.debug_info</name>
         <load_address>0x1173e</load_address>
         <run_address>0x1173e</run_address>
         <size>0x39</size>
         <input_file_ref idref="fl-cc"/>
      </object_component>
      <object_component id="oc-1e5">
         <name>.debug_info</name>
         <load_address>0x11777</load_address>
         <run_address>0x11777</run_address>
         <size>0x39</size>
         <input_file_ref idref="fl-cc"/>
      </object_component>
      <object_component id="oc-1ea">
         <name>.debug_info</name>
         <load_address>0x117b0</load_address>
         <run_address>0x117b0</run_address>
         <size>0xcd</size>
         <input_file_ref idref="fl-cc"/>
      </object_component>
      <object_component id="oc-92">
         <name>.debug_info</name>
         <load_address>0x1187d</load_address>
         <run_address>0x1187d</run_address>
         <size>0x148</size>
         <input_file_ref idref="fl-cd"/>
      </object_component>
      <object_component id="oc-2b4">
         <name>.debug_info</name>
         <load_address>0x119c5</load_address>
         <run_address>0x119c5</run_address>
         <size>0xad</size>
      </object_component>
      <object_component id="oc-1ca">
         <name>.debug_line</name>
         <load_address>0x0</load_address>
         <run_address>0x0</run_address>
         <size>0x31</size>
         <input_file_ref idref="fl-1"/>
      </object_component>
      <object_component id="oc-156">
         <name>.debug_line</name>
         <load_address>0x31</load_address>
         <run_address>0x31</run_address>
         <size>0x31</size>
         <input_file_ref idref="fl-1"/>
      </object_component>
      <object_component id="oc-1c8">
         <name>.debug_line</name>
         <load_address>0x62</load_address>
         <run_address>0x62</run_address>
         <size>0x31</size>
         <input_file_ref idref="fl-1"/>
      </object_component>
      <object_component id="oc-208">
         <name>.debug_line</name>
         <load_address>0x93</load_address>
         <run_address>0x93</run_address>
         <size>0x31</size>
         <input_file_ref idref="fl-1"/>
      </object_component>
      <object_component id="oc-dd">
         <name>.debug_line</name>
         <load_address>0xc4</load_address>
         <run_address>0xc4</run_address>
         <size>0xc0</size>
         <input_file_ref idref="fl-1"/>
      </object_component>
      <object_component id="oc-164">
         <name>.debug_line</name>
         <load_address>0x184</load_address>
         <run_address>0x184</run_address>
         <size>0x57</size>
         <input_file_ref idref="fl-1"/>
      </object_component>
      <object_component id="oc-169">
         <name>.debug_line</name>
         <load_address>0x1db</load_address>
         <run_address>0x1db</run_address>
         <size>0x54</size>
         <input_file_ref idref="fl-1"/>
      </object_component>
      <object_component id="oc-15b">
         <name>.debug_line</name>
         <load_address>0x22f</load_address>
         <run_address>0x22f</run_address>
         <size>0x65</size>
         <input_file_ref idref="fl-1"/>
      </object_component>
      <object_component id="oc-16e">
         <name>.debug_line</name>
         <load_address>0x294</load_address>
         <run_address>0x294</run_address>
         <size>0x5d</size>
         <input_file_ref idref="fl-1"/>
      </object_component>
      <object_component id="oc-e3">
         <name>.debug_line</name>
         <load_address>0x2f1</load_address>
         <run_address>0x2f1</run_address>
         <size>0x20</size>
         <input_file_ref idref="fl-1"/>
      </object_component>
      <object_component id="oc-17d">
         <name>.debug_line</name>
         <load_address>0x311</load_address>
         <run_address>0x311</run_address>
         <size>0x6f</size>
         <input_file_ref idref="fl-1"/>
      </object_component>
      <object_component id="oc-173">
         <name>.debug_line</name>
         <load_address>0x380</load_address>
         <run_address>0x380</run_address>
         <size>0x6c</size>
         <input_file_ref idref="fl-1"/>
      </object_component>
      <object_component id="oc-178">
         <name>.debug_line</name>
         <load_address>0x3ec</load_address>
         <run_address>0x3ec</run_address>
         <size>0x6b</size>
         <input_file_ref idref="fl-1"/>
      </object_component>
      <object_component id="oc-1ce">
         <name>.debug_line</name>
         <load_address>0x457</load_address>
         <run_address>0x457</run_address>
         <size>0x66</size>
         <input_file_ref idref="fl-1"/>
      </object_component>
      <object_component id="oc-160">
         <name>.debug_line</name>
         <load_address>0x4bd</load_address>
         <run_address>0x4bd</run_address>
         <size>0x31</size>
         <input_file_ref idref="fl-2"/>
      </object_component>
      <object_component id="oc-9b">
         <name>.debug_line</name>
         <load_address>0x4ee</load_address>
         <run_address>0x4ee</run_address>
         <size>0x5f</size>
         <input_file_ref idref="fl-2"/>
      </object_component>
      <object_component id="oc-b1">
         <name>.debug_line</name>
         <load_address>0x54d</load_address>
         <run_address>0x54d</run_address>
         <size>0x40</size>
         <input_file_ref idref="fl-3"/>
      </object_component>
      <object_component id="oc-6e">
         <name>.debug_line</name>
         <load_address>0x58d</load_address>
         <run_address>0x58d</run_address>
         <size>0x40</size>
         <input_file_ref idref="fl-3"/>
      </object_component>
      <object_component id="oc-6b">
         <name>.debug_line</name>
         <load_address>0x5cd</load_address>
         <run_address>0x5cd</run_address>
         <size>0x71</size>
         <input_file_ref idref="fl-3"/>
      </object_component>
      <object_component id="oc-b5">
         <name>.debug_line</name>
         <load_address>0x63e</load_address>
         <run_address>0x63e</run_address>
         <size>0x6b</size>
         <input_file_ref idref="fl-3"/>
      </object_component>
      <object_component id="oc-35">
         <name>.debug_line</name>
         <load_address>0x6a9</load_address>
         <run_address>0x6a9</run_address>
         <size>0x20</size>
         <input_file_ref idref="fl-3"/>
      </object_component>
      <object_component id="oc-131">
         <name>.debug_line</name>
         <load_address>0x6c9</load_address>
         <run_address>0x6c9</run_address>
         <size>0x6f</size>
         <input_file_ref idref="fl-3"/>
      </object_component>
      <object_component id="oc-12c">
         <name>.debug_line</name>
         <load_address>0x738</load_address>
         <run_address>0x738</run_address>
         <size>0x6c</size>
         <input_file_ref idref="fl-3"/>
      </object_component>
      <object_component id="oc-1a0">
         <name>.debug_line</name>
         <load_address>0x7a4</load_address>
         <run_address>0x7a4</run_address>
         <size>0x3b</size>
         <input_file_ref idref="fl-4"/>
      </object_component>
      <object_component id="oc-ad">
         <name>.debug_line</name>
         <load_address>0x7df</load_address>
         <run_address>0x7df</run_address>
         <size>0x159</size>
         <input_file_ref idref="fl-4"/>
      </object_component>
      <object_component id="oc-1bc">
         <name>.debug_line</name>
         <load_address>0x938</load_address>
         <run_address>0x938</run_address>
         <size>0xbf</size>
         <input_file_ref idref="fl-be"/>
      </object_component>
      <object_component id="oc-1f7">
         <name>.debug_line</name>
         <load_address>0x9f7</load_address>
         <run_address>0x9f7</run_address>
         <size>0x53</size>
         <input_file_ref idref="fl-be"/>
      </object_component>
      <object_component id="oc-13d">
         <name>.debug_line</name>
         <load_address>0xa4a</load_address>
         <run_address>0xa4a</run_address>
         <size>0x8a</size>
         <input_file_ref idref="fl-be"/>
      </object_component>
      <object_component id="oc-d7">
         <name>.debug_line</name>
         <load_address>0xad4</load_address>
         <run_address>0xad4</run_address>
         <size>0x5c</size>
         <input_file_ref idref="fl-be"/>
      </object_component>
      <object_component id="oc-1c1">
         <name>.debug_line</name>
         <load_address>0xb30</load_address>
         <run_address>0xb30</run_address>
         <size>0x4a</size>
         <input_file_ref idref="fl-be"/>
      </object_component>
      <object_component id="oc-150">
         <name>.debug_line</name>
         <load_address>0xb7a</load_address>
         <run_address>0xb7a</run_address>
         <size>0x47</size>
         <input_file_ref idref="fl-be"/>
      </object_component>
      <object_component id="oc-14a">
         <name>.debug_line</name>
         <load_address>0xbc1</load_address>
         <run_address>0xbc1</run_address>
         <size>0x2e</size>
         <input_file_ref idref="fl-be"/>
      </object_component>
      <object_component id="oc-145">
         <name>.debug_line</name>
         <load_address>0xbef</load_address>
         <run_address>0xbef</run_address>
         <size>0x8a</size>
         <input_file_ref idref="fl-be"/>
      </object_component>
      <object_component id="oc-24a">
         <name>.debug_line</name>
         <load_address>0xc79</load_address>
         <run_address>0xc79</run_address>
         <size>0x9a</size>
         <input_file_ref idref="fl-bf"/>
      </object_component>
      <object_component id="oc-203">
         <name>.debug_line</name>
         <load_address>0xd13</load_address>
         <run_address>0xd13</run_address>
         <size>0x2e</size>
         <input_file_ref idref="fl-bf"/>
      </object_component>
      <object_component id="oc-231">
         <name>.debug_line</name>
         <load_address>0xd41</load_address>
         <run_address>0xd41</run_address>
         <size>0x2e</size>
         <input_file_ref idref="fl-bf"/>
      </object_component>
      <object_component id="oc-21d">
         <name>.debug_line</name>
         <load_address>0xd6f</load_address>
         <run_address>0xd6f</run_address>
         <size>0x2e</size>
         <input_file_ref idref="fl-bf"/>
      </object_component>
      <object_component id="oc-254">
         <name>.debug_line</name>
         <load_address>0xd9d</load_address>
         <run_address>0xd9d</run_address>
         <size>0x2e</size>
         <input_file_ref idref="fl-bf"/>
      </object_component>
      <object_component id="oc-236">
         <name>.debug_line</name>
         <load_address>0xdcb</load_address>
         <run_address>0xdcb</run_address>
         <size>0x2e</size>
         <input_file_ref idref="fl-bf"/>
      </object_component>
      <object_component id="oc-271">
         <name>.debug_line</name>
         <load_address>0xdf9</load_address>
         <run_address>0xdf9</run_address>
         <size>0x2e</size>
         <input_file_ref idref="fl-bf"/>
      </object_component>
      <object_component id="oc-222">
         <name>.debug_line</name>
         <load_address>0xe27</load_address>
         <run_address>0xe27</run_address>
         <size>0x41</size>
         <input_file_ref idref="fl-bf"/>
      </object_component>
      <object_component id="oc-259">
         <name>.debug_line</name>
         <load_address>0xe68</load_address>
         <run_address>0xe68</run_address>
         <size>0x40</size>
         <input_file_ref idref="fl-bf"/>
      </object_component>
      <object_component id="oc-274">
         <name>.debug_line</name>
         <load_address>0xea8</load_address>
         <run_address>0xea8</run_address>
         <size>0x20</size>
         <input_file_ref idref="fl-bf"/>
      </object_component>
      <object_component id="oc-228">
         <name>.debug_line</name>
         <load_address>0xec8</load_address>
         <run_address>0xec8</run_address>
         <size>0x40</size>
         <input_file_ref idref="fl-bf"/>
      </object_component>
      <object_component id="oc-246">
         <name>.debug_line</name>
         <load_address>0xf08</load_address>
         <run_address>0xf08</run_address>
         <size>0x9d</size>
         <input_file_ref idref="fl-bf"/>
      </object_component>
      <object_component id="oc-24e">
         <name>.debug_line</name>
         <load_address>0xfa5</load_address>
         <run_address>0xfa5</run_address>
         <size>0x91</size>
         <input_file_ref idref="fl-bf"/>
      </object_component>
      <object_component id="oc-276">
         <name>.debug_line</name>
         <load_address>0x1036</load_address>
         <run_address>0x1036</run_address>
         <size>0xa9</size>
         <input_file_ref idref="fl-c0"/>
      </object_component>
      <object_component id="oc-23b">
         <name>.debug_line</name>
         <load_address>0x10df</load_address>
         <run_address>0x10df</run_address>
         <size>0x37</size>
         <input_file_ref idref="fl-c0"/>
      </object_component>
      <object_component id="oc-264">
         <name>.debug_line</name>
         <load_address>0x1116</load_address>
         <run_address>0x1116</run_address>
         <size>0x37</size>
         <input_file_ref idref="fl-c0"/>
      </object_component>
      <object_component id="oc-240">
         <name>.debug_line</name>
         <load_address>0x114d</load_address>
         <run_address>0x114d</run_address>
         <size>0x46</size>
         <input_file_ref idref="fl-c0"/>
      </object_component>
      <object_component id="oc-27a">
         <name>.debug_line</name>
         <load_address>0x1193</load_address>
         <run_address>0x1193</run_address>
         <size>0x8a</size>
         <input_file_ref idref="fl-c0"/>
      </object_component>
      <object_component id="oc-26b">
         <name>.debug_line</name>
         <load_address>0x121d</load_address>
         <run_address>0x121d</run_address>
         <size>0x91</size>
         <input_file_ref idref="fl-c0"/>
      </object_component>
      <object_component id="oc-27f">
         <name>.debug_line</name>
         <load_address>0x12ae</load_address>
         <run_address>0x12ae</run_address>
         <size>0x92</size>
         <input_file_ref idref="fl-c0"/>
      </object_component>
      <object_component id="oc-d0">
         <name>.debug_line</name>
         <load_address>0x1340</load_address>
         <run_address>0x1340</run_address>
         <size>0x9e</size>
         <input_file_ref idref="fl-c1"/>
      </object_component>
      <object_component id="oc-47">
         <name>.debug_line</name>
         <load_address>0x13de</load_address>
         <run_address>0x13de</run_address>
         <size>0x4f</size>
         <input_file_ref idref="fl-c1"/>
      </object_component>
      <object_component id="oc-88">
         <name>.debug_line</name>
         <load_address>0x142d</load_address>
         <run_address>0x142d</run_address>
         <size>0x34</size>
         <input_file_ref idref="fl-c1"/>
      </object_component>
      <object_component id="oc-cd">
         <name>.debug_line</name>
         <load_address>0x1461</load_address>
         <run_address>0x1461</run_address>
         <size>0x8a</size>
         <input_file_ref idref="fl-c1"/>
      </object_component>
      <object_component id="oc-83">
         <name>.debug_line</name>
         <load_address>0x14eb</load_address>
         <run_address>0x14eb</run_address>
         <size>0x20</size>
         <input_file_ref idref="fl-c2"/>
      </object_component>
      <object_component id="oc-1e">
         <name>.debug_line</name>
         <load_address>0x150b</load_address>
         <run_address>0x150b</run_address>
         <size>0x55</size>
         <input_file_ref idref="fl-c2"/>
      </object_component>
      <object_component id="oc-40">
         <name>.debug_line</name>
         <load_address>0x1560</load_address>
         <run_address>0x1560</run_address>
         <size>0x3a</size>
         <input_file_ref idref="fl-c2"/>
      </object_component>
      <object_component id="oc-80">
         <name>.debug_line</name>
         <load_address>0x159a</load_address>
         <run_address>0x159a</run_address>
         <size>0x8a</size>
         <input_file_ref idref="fl-c2"/>
      </object_component>
      <object_component id="oc-c9">
         <name>.debug_line</name>
         <load_address>0x1624</load_address>
         <run_address>0x1624</run_address>
         <size>0x20</size>
         <input_file_ref idref="fl-c3"/>
      </object_component>
      <object_component id="oc-18">
         <name>.debug_line</name>
         <load_address>0x1644</load_address>
         <run_address>0x1644</run_address>
         <size>0xa9</size>
         <input_file_ref idref="fl-c3"/>
      </object_component>
      <object_component id="oc-30">
         <name>.debug_line</name>
         <load_address>0x16ed</load_address>
         <run_address>0x16ed</run_address>
         <size>0x3a</size>
         <input_file_ref idref="fl-c3"/>
      </object_component>
      <object_component id="oc-c6">
         <name>.debug_line</name>
         <load_address>0x1727</load_address>
         <run_address>0x1727</run_address>
         <size>0x92</size>
         <input_file_ref idref="fl-c3"/>
      </object_component>
      <object_component id="oc-79">
         <name>.debug_line</name>
         <load_address>0x17b9</load_address>
         <run_address>0x17b9</run_address>
         <size>0x8e</size>
         <input_file_ref idref="fl-c3"/>
      </object_component>
      <object_component id="oc-71">
         <name>.debug_line</name>
         <load_address>0x1847</load_address>
         <run_address>0x1847</run_address>
         <size>0x33</size>
         <input_file_ref idref="fl-c4"/>
      </object_component>
      <object_component id="oc-59">
         <name>.debug_line</name>
         <load_address>0x187a</load_address>
         <run_address>0x187a</run_address>
         <size>0x56</size>
         <input_file_ref idref="fl-c4"/>
      </object_component>
      <object_component id="oc-eb">
         <name>.debug_line</name>
         <load_address>0x18d0</load_address>
         <run_address>0x18d0</run_address>
         <size>0x3c</size>
         <input_file_ref idref="fl-c5"/>
      </object_component>
      <object_component id="oc-b8">
         <name>.debug_line</name>
         <load_address>0x190c</load_address>
         <run_address>0x190c</run_address>
         <size>0x95</size>
         <input_file_ref idref="fl-c6"/>
      </object_component>
      <object_component id="oc-73">
         <name>.debug_line</name>
         <load_address>0x19a1</load_address>
         <run_address>0x19a1</run_address>
         <size>0x2c</size>
         <input_file_ref idref="fl-c6"/>
      </object_component>
      <object_component id="oc-1f5">
         <name>.debug_line</name>
         <load_address>0x19cd</load_address>
         <run_address>0x19cd</run_address>
         <size>0x2c</size>
         <input_file_ref idref="fl-c6"/>
      </object_component>
      <object_component id="oc-1a5">
         <name>.debug_line</name>
         <load_address>0x19f9</load_address>
         <run_address>0x19f9</run_address>
         <size>0x4b</size>
         <input_file_ref idref="fl-c6"/>
      </object_component>
      <object_component id="oc-1ab">
         <name>.debug_line</name>
         <load_address>0x1a44</load_address>
         <run_address>0x1a44</run_address>
         <size>0x5a</size>
         <input_file_ref idref="fl-c6"/>
      </object_component>
      <object_component id="oc-1b1">
         <name>.debug_line</name>
         <load_address>0x1a9e</load_address>
         <run_address>0x1a9e</run_address>
         <size>0x67</size>
         <input_file_ref idref="fl-c6"/>
      </object_component>
      <object_component id="oc-137">
         <name>.debug_line</name>
         <load_address>0x1b05</load_address>
         <run_address>0x1b05</run_address>
         <size>0x73</size>
         <input_file_ref idref="fl-c6"/>
      </object_component>
      <object_component id="oc-1fc">
         <name>.debug_line</name>
         <load_address>0x1b78</load_address>
         <run_address>0x1b78</run_address>
         <size>0xa0</size>
         <input_file_ref idref="fl-c6"/>
      </object_component>
      <object_component id="oc-bc">
         <name>.debug_line</name>
         <load_address>0x1c18</load_address>
         <run_address>0x1c18</run_address>
         <size>0x8a</size>
         <input_file_ref idref="fl-c6"/>
      </object_component>
      <object_component id="oc-c1">
         <name>.debug_line</name>
         <load_address>0x1ca2</load_address>
         <run_address>0x1ca2</run_address>
         <size>0x2c</size>
         <input_file_ref idref="fl-c6"/>
      </object_component>
      <object_component id="oc-20b">
         <name>.debug_line</name>
         <load_address>0x1cce</load_address>
         <run_address>0x1cce</run_address>
         <size>0x20</size>
         <input_file_ref idref="fl-c7"/>
      </object_component>
      <object_component id="oc-1d9">
         <name>.debug_line</name>
         <load_address>0x1cee</load_address>
         <run_address>0x1cee</run_address>
         <size>0x2b</size>
         <input_file_ref idref="fl-c7"/>
      </object_component>
      <object_component id="oc-1d6">
         <name>.debug_line</name>
         <load_address>0x1d19</load_address>
         <run_address>0x1d19</run_address>
         <size>0x3a</size>
         <input_file_ref idref="fl-c7"/>
      </object_component>
      <object_component id="oc-3b">
         <name>.debug_line</name>
         <load_address>0x1d53</load_address>
         <run_address>0x1d53</run_address>
         <size>0x88</size>
         <input_file_ref idref="fl-ca"/>
      </object_component>
      <object_component id="oc-1df">
         <name>.debug_line</name>
         <load_address>0x1ddb</load_address>
         <run_address>0x1ddb</run_address>
         <size>0xb7</size>
         <input_file_ref idref="fl-cc"/>
      </object_component>
      <object_component id="oc-f7">
         <name>.debug_line</name>
         <load_address>0x1e92</load_address>
         <run_address>0x1e92</run_address>
         <size>0x6c</size>
         <input_file_ref idref="fl-cc"/>
      </object_component>
      <object_component id="oc-1e3">
         <name>.debug_line</name>
         <load_address>0x1efe</load_address>
         <run_address>0x1efe</run_address>
         <size>0x2e</size>
         <input_file_ref idref="fl-cc"/>
      </object_component>
      <object_component id="oc-20f">
         <name>.debug_line</name>
         <load_address>0x1f2c</load_address>
         <run_address>0x1f2c</run_address>
         <size>0x92</size>
         <input_file_ref idref="fl-cc"/>
      </object_component>
      <object_component id="oc-1e8">
         <name>.debug_line</name>
         <load_address>0x1fbe</load_address>
         <run_address>0x1fbe</run_address>
         <size>0x8f</size>
         <input_file_ref idref="fl-cc"/>
      </object_component>
      <object_component id="oc-1ed">
         <name>.debug_line</name>
         <load_address>0x204d</load_address>
         <run_address>0x204d</run_address>
         <size>0x8b</size>
         <input_file_ref idref="fl-cc"/>
      </object_component>
      <object_component id="oc-95">
         <name>.debug_line</name>
         <load_address>0x20d8</load_address>
         <run_address>0x20d8</run_address>
         <size>0x40</size>
         <input_file_ref idref="fl-cd"/>
      </object_component>
      <object_component id="oc-de">
         <name>.debug_frame</name>
         <load_address>0x0</load_address>
         <run_address>0x0</run_address>
         <size>0xd4</size>
         <input_file_ref idref="fl-1"/>
      </object_component>
      <object_component id="oc-9c">
         <name>.debug_frame</name>
         <load_address>0xd4</load_address>
         <run_address>0xd4</run_address>
         <size>0x5c</size>
         <input_file_ref idref="fl-2"/>
      </object_component>
      <object_component id="oc-6c">
         <name>.debug_frame</name>
         <load_address>0x130</load_address>
         <run_address>0x130</run_address>
         <size>0x6c</size>
         <input_file_ref idref="fl-3"/>
      </object_component>
      <object_component id="oc-ae">
         <name>.debug_frame</name>
         <load_address>0x19c</load_address>
         <run_address>0x19c</run_address>
         <size>0x70</size>
         <input_file_ref idref="fl-4"/>
      </object_component>
      <object_component id="oc-13e">
         <name>.debug_frame</name>
         <load_address>0x20c</load_address>
         <run_address>0x20c</run_address>
         <size>0x54</size>
         <input_file_ref idref="fl-be"/>
      </object_component>
      <object_component id="oc-d8">
         <name>.debug_frame</name>
         <load_address>0x260</load_address>
         <run_address>0x260</run_address>
         <size>0x58</size>
         <input_file_ref idref="fl-be"/>
      </object_component>
      <object_component id="oc-1c2">
         <name>.debug_frame</name>
         <load_address>0x2b8</load_address>
         <run_address>0x2b8</run_address>
         <size>0x54</size>
         <input_file_ref idref="fl-be"/>
      </object_component>
      <object_component id="oc-151">
         <name>.debug_frame</name>
         <load_address>0x30c</load_address>
         <run_address>0x30c</run_address>
         <size>0x54</size>
         <input_file_ref idref="fl-be"/>
      </object_component>
      <object_component id="oc-223">
         <name>.debug_frame</name>
         <load_address>0x360</load_address>
         <run_address>0x360</run_address>
         <size>0x54</size>
         <input_file_ref idref="fl-bf"/>
      </object_component>
      <object_component id="oc-25a">
         <name>.debug_frame</name>
         <load_address>0x3b4</load_address>
         <run_address>0x3b4</run_address>
         <size>0x54</size>
         <input_file_ref idref="fl-bf"/>
      </object_component>
      <object_component id="oc-25f">
         <name>.debug_frame</name>
         <load_address>0x408</load_address>
         <run_address>0x408</run_address>
         <size>0x58</size>
         <input_file_ref idref="fl-bf"/>
      </object_component>
      <object_component id="oc-229">
         <name>.debug_frame</name>
         <load_address>0x460</load_address>
         <run_address>0x460</run_address>
         <size>0x58</size>
         <input_file_ref idref="fl-bf"/>
      </object_component>
      <object_component id="oc-241">
         <name>.debug_frame</name>
         <load_address>0x4b8</load_address>
         <run_address>0x4b8</run_address>
         <size>0x54</size>
         <input_file_ref idref="fl-c0"/>
      </object_component>
      <object_component id="oc-48">
         <name>.debug_frame</name>
         <load_address>0x50c</load_address>
         <run_address>0x50c</run_address>
         <size>0x54</size>
         <input_file_ref idref="fl-c1"/>
      </object_component>
      <object_component id="oc-1f">
         <name>.debug_frame</name>
         <load_address>0x560</load_address>
         <run_address>0x560</run_address>
         <size>0x54</size>
         <input_file_ref idref="fl-c2"/>
      </object_component>
      <object_component id="oc-19">
         <name>.debug_frame</name>
         <load_address>0x5b4</load_address>
         <run_address>0x5b4</run_address>
         <size>0x60</size>
         <input_file_ref idref="fl-c3"/>
      </object_component>
      <object_component id="oc-5a">
         <name>.debug_frame</name>
         <load_address>0x614</load_address>
         <run_address>0x614</run_address>
         <size>0x58</size>
         <input_file_ref idref="fl-c4"/>
      </object_component>
      <object_component id="oc-ec">
         <name>.debug_frame</name>
         <load_address>0x66c</load_address>
         <run_address>0x66c</run_address>
         <size>0x54</size>
         <input_file_ref idref="fl-c5"/>
      </object_component>
      <object_component id="oc-1a6">
         <name>.debug_frame</name>
         <load_address>0x6c0</load_address>
         <run_address>0x6c0</run_address>
         <size>0x5c</size>
         <input_file_ref idref="fl-c6"/>
      </object_component>
      <object_component id="oc-1ac">
         <name>.debug_frame</name>
         <load_address>0x71c</load_address>
         <run_address>0x71c</run_address>
         <size>0x54</size>
         <input_file_ref idref="fl-c6"/>
      </object_component>
      <object_component id="oc-1b2">
         <name>.debug_frame</name>
         <load_address>0x770</load_address>
         <run_address>0x770</run_address>
         <size>0x5c</size>
         <input_file_ref idref="fl-c6"/>
      </object_component>
      <object_component id="oc-138">
         <name>.debug_frame</name>
         <load_address>0x7cc</load_address>
         <run_address>0x7cc</run_address>
         <size>0x64</size>
         <input_file_ref idref="fl-c6"/>
      </object_component>
      <object_component id="oc-1fd">
         <name>.debug_frame</name>
         <load_address>0x830</load_address>
         <run_address>0x830</run_address>
         <size>0x60</size>
         <input_file_ref idref="fl-c6"/>
      </object_component>
      <object_component id="oc-1d7">
         <name>.debug_frame</name>
         <load_address>0x890</load_address>
         <run_address>0x890</run_address>
         <size>0x54</size>
         <input_file_ref idref="fl-c7"/>
      </object_component>
      <object_component id="oc-f8">
         <name>.debug_frame</name>
         <load_address>0x8e4</load_address>
         <run_address>0x8e4</run_address>
         <size>0x5c</size>
         <input_file_ref idref="fl-cc"/>
      </object_component>
      <object_component id="oc-96">
         <name>.debug_frame</name>
         <load_address>0x940</load_address>
         <run_address>0x940</run_address>
         <size>0x54</size>
         <input_file_ref idref="fl-cd"/>
      </object_component>
      <object_component id="oc-1c9">
         <name>.debug_abbrev</name>
         <load_address>0x0</load_address>
         <run_address>0x0</run_address>
         <size>0x14f</size>
         <input_file_ref idref="fl-1"/>
      </object_component>
      <object_component id="oc-155">
         <name>.debug_abbrev</name>
         <load_address>0x14f</load_address>
         <run_address>0x14f</run_address>
         <size>0x29</size>
         <input_file_ref idref="fl-1"/>
      </object_component>
      <object_component id="oc-1c7">
         <name>.debug_abbrev</name>
         <load_address>0x178</load_address>
         <run_address>0x178</run_address>
         <size>0x29</size>
         <input_file_ref idref="fl-1"/>
      </object_component>
      <object_component id="oc-207">
         <name>.debug_abbrev</name>
         <load_address>0x1a1</load_address>
         <run_address>0x1a1</run_address>
         <size>0x29</size>
         <input_file_ref idref="fl-1"/>
      </object_component>
      <object_component id="oc-157">
         <name>.debug_abbrev</name>
         <load_address>0x1ca</load_address>
         <run_address>0x1ca</run_address>
         <size>0x91</size>
         <input_file_ref idref="fl-1"/>
      </object_component>
      <object_component id="oc-163">
         <name>.debug_abbrev</name>
         <load_address>0x25b</load_address>
         <run_address>0x25b</run_address>
         <size>0xf2</size>
         <input_file_ref idref="fl-1"/>
      </object_component>
      <object_component id="oc-168">
         <name>.debug_abbrev</name>
         <load_address>0x34d</load_address>
         <run_address>0x34d</run_address>
         <size>0xe9</size>
         <input_file_ref idref="fl-1"/>
      </object_component>
      <object_component id="oc-15a">
         <name>.debug_abbrev</name>
         <load_address>0x436</load_address>
         <run_address>0x436</run_address>
         <size>0xb8</size>
         <input_file_ref idref="fl-1"/>
      </object_component>
      <object_component id="oc-16d">
         <name>.debug_abbrev</name>
         <load_address>0x4ee</load_address>
         <run_address>0x4ee</run_address>
         <size>0x53</size>
         <input_file_ref idref="fl-1"/>
      </object_component>
      <object_component id="oc-e2">
         <name>.debug_abbrev</name>
         <load_address>0x541</load_address>
         <run_address>0x541</run_address>
         <size>0x1f</size>
         <input_file_ref idref="fl-1"/>
      </object_component>
      <object_component id="oc-17c">
         <name>.debug_abbrev</name>
         <load_address>0x560</load_address>
         <run_address>0x560</run_address>
         <size>0x75</size>
         <input_file_ref idref="fl-1"/>
      </object_component>
      <object_component id="oc-172">
         <name>.debug_abbrev</name>
         <load_address>0x5d5</load_address>
         <run_address>0x5d5</run_address>
         <size>0x24</size>
         <input_file_ref idref="fl-1"/>
      </object_component>
      <object_component id="oc-177">
         <name>.debug_abbrev</name>
         <load_address>0x5f9</load_address>
         <run_address>0x5f9</run_address>
         <size>0x84</size>
         <input_file_ref idref="fl-1"/>
      </object_component>
      <object_component id="oc-1cd">
         <name>.debug_abbrev</name>
         <load_address>0x67d</load_address>
         <run_address>0x67d</run_address>
         <size>0x75</size>
         <input_file_ref idref="fl-1"/>
      </object_component>
      <object_component id="oc-15f">
         <name>.debug_abbrev</name>
         <load_address>0x6f2</load_address>
         <run_address>0x6f2</run_address>
         <size>0x110</size>
         <input_file_ref idref="fl-2"/>
      </object_component>
      <object_component id="oc-df">
         <name>.debug_abbrev</name>
         <load_address>0x802</load_address>
         <run_address>0x802</run_address>
         <size>0x62</size>
         <input_file_ref idref="fl-2"/>
      </object_component>
      <object_component id="oc-b0">
         <name>.debug_abbrev</name>
         <load_address>0x864</load_address>
         <run_address>0x864</run_address>
         <size>0x7c</size>
         <input_file_ref idref="fl-3"/>
      </object_component>
      <object_component id="oc-6d">
         <name>.debug_abbrev</name>
         <load_address>0x8e0</load_address>
         <run_address>0x8e0</run_address>
         <size>0x29</size>
         <input_file_ref idref="fl-3"/>
      </object_component>
      <object_component id="oc-af">
         <name>.debug_abbrev</name>
         <load_address>0x909</load_address>
         <run_address>0x909</run_address>
         <size>0x89</size>
         <input_file_ref idref="fl-3"/>
      </object_component>
      <object_component id="oc-b4">
         <name>.debug_abbrev</name>
         <load_address>0x992</load_address>
         <run_address>0x992</run_address>
         <size>0x69</size>
         <input_file_ref idref="fl-3"/>
      </object_component>
      <object_component id="oc-34">
         <name>.debug_abbrev</name>
         <load_address>0x9fb</load_address>
         <run_address>0x9fb</run_address>
         <size>0x1f</size>
         <input_file_ref idref="fl-3"/>
      </object_component>
      <object_component id="oc-130">
         <name>.debug_abbrev</name>
         <load_address>0xa1a</load_address>
         <run_address>0xa1a</run_address>
         <size>0x5c</size>
         <input_file_ref idref="fl-3"/>
      </object_component>
      <object_component id="oc-12b">
         <name>.debug_abbrev</name>
         <load_address>0xa76</load_address>
         <run_address>0xa76</run_address>
         <size>0x24</size>
         <input_file_ref idref="fl-3"/>
      </object_component>
      <object_component id="oc-19f">
         <name>.debug_abbrev</name>
         <load_address>0xa9a</load_address>
         <run_address>0xa9a</run_address>
         <size>0x29</size>
         <input_file_ref idref="fl-4"/>
      </object_component>
      <object_component id="oc-128">
         <name>.debug_abbrev</name>
         <load_address>0xac3</load_address>
         <run_address>0xac3</run_address>
         <size>0x8b</size>
         <input_file_ref idref="fl-4"/>
      </object_component>
      <object_component id="oc-1bb">
         <name>.debug_abbrev</name>
         <load_address>0xb4e</load_address>
         <run_address>0xb4e</run_address>
         <size>0xd9</size>
         <input_file_ref idref="fl-be"/>
      </object_component>
      <object_component id="oc-1f6">
         <name>.debug_abbrev</name>
         <load_address>0xc27</load_address>
         <run_address>0xc27</run_address>
         <size>0x27</size>
         <input_file_ref idref="fl-be"/>
      </object_component>
      <object_component id="oc-1ba">
         <name>.debug_abbrev</name>
         <load_address>0xc4e</load_address>
         <run_address>0xc4e</run_address>
         <size>0x53</size>
         <input_file_ref idref="fl-be"/>
      </object_component>
      <object_component id="oc-13f">
         <name>.debug_abbrev</name>
         <load_address>0xca1</load_address>
         <run_address>0xca1</run_address>
         <size>0x8e</size>
         <input_file_ref idref="fl-be"/>
      </object_component>
      <object_component id="oc-1fe">
         <name>.debug_abbrev</name>
         <load_address>0xd2f</load_address>
         <run_address>0xd2f</run_address>
         <size>0x80</size>
         <input_file_ref idref="fl-be"/>
      </object_component>
      <object_component id="oc-1c3">
         <name>.debug_abbrev</name>
         <load_address>0xdaf</load_address>
         <run_address>0xdaf</run_address>
         <size>0x66</size>
         <input_file_ref idref="fl-be"/>
      </object_component>
      <object_component id="oc-149">
         <name>.debug_abbrev</name>
         <load_address>0xe15</load_address>
         <run_address>0xe15</run_address>
         <size>0x4e</size>
         <input_file_ref idref="fl-be"/>
      </object_component>
      <object_component id="oc-144">
         <name>.debug_abbrev</name>
         <load_address>0xe63</load_address>
         <run_address>0xe63</run_address>
         <size>0x24</size>
         <input_file_ref idref="fl-be"/>
      </object_component>
      <object_component id="oc-249">
         <name>.debug_abbrev</name>
         <load_address>0xe87</load_address>
         <run_address>0xe87</run_address>
         <size>0x147</size>
         <input_file_ref idref="fl-bf"/>
      </object_component>
      <object_component id="oc-202">
         <name>.debug_abbrev</name>
         <load_address>0xfce</load_address>
         <run_address>0xfce</run_address>
         <size>0x29</size>
[...]
            </available_space>
            <allocated_space>
               <start_address>0x100fe00</start_address>
               <size>0x200</size>
               <logical_group_ref idref="lg-11"/>
            </allocated_space>
         </usage_details>
      </memory_area>
      <memory_area display="yes" color="green">
         <name>SRAM_DATA</name>
         <page_id>0x0</page_id>
         <origin>0x20000000</origin>
         <length>0x10000</length>
         <used_space>0x61c</used_space>
         <unused_space>0xf9e4</unused_space>
         <attributes>RW</attributes>
         <usage_details>
            <allocated_space>
               <start_address>0x20000000</start_address>
               <size>0x400</size>
               <logical_group_ref idref="lg-10"/>
            </allocated_space>
            <allocated_space>
               <start_address>0x20000400</start_address>
               <size>0x18</size>
               <logical_group_ref idref="lg-e"/>
            </allocated_space>
            <allocated_space>
               <start_address>0x20000418</start_address>
               <size>0x4</size>
               <logical_group_ref idref="lg-f"/>
            </allocated_space>
            <available_space>
               <start_address>0x2000041c</start_address>
               <size>0xf9e4</size>
            </available_space>
            <allocated_space>
               <start_address>0x2000fe00</start_address>
               <size>0x200</size>
               <logical_group_ref idref="lg-11"/>
            </allocated_space>
         </usage_details>
      </memory_area>
   </placement_map>
   <cptbl_list>
      <cptbl>
         <name>__TI_cinit_table</name>
         <cprec>
            <name>.data</name>
            <load_address>0xa28</load_address>
            <load_size>0x16</load_size>
            <run_address>0x20000400</run_address>
            <run_size>0x18</run_size>
            <compression>lzss</compression>
         </cprec>
         <cprec>
            <name>.bss</name>
            <load_address>0xa50</load_address>
            <load_size>0x8</load_size>
            <run_address>0x20000418</run_address>
            <run_size>0x4</run_size>
            <compression>zero_init</compression>
         </cprec>
      </cptbl>
   </cptbl_list>
   <handler_table>
      <handler_table_name>__TI_handler_table</handler_table_name>
      <handler>
         <index>0x0</index>
         <name>__TI_decompress_lzss</name>
      </handler>
      <handler>
         <index>0x1</index>
         <name>__TI_decompress_none</name>
      </handler>
      <handler>
         <index>0x2</index>
         <name>__TI_zero_init</name>
      </handler>
   </handler_table>
   <symbol_table>
      <symbol id="sm-1">
         <name>WDTCTL_SYM</name>
         <value>0x4000480c</value>
      </symbol>
      <symbol id="sm-2">
         <name>__TI_CINIT_Base</name>
         <value>0xa58</value>
      </symbol>
      <symbol id="sm-3">
         <name>__TI_CINIT_Limit</name>
         <value>0xa68</value>
      </symbol>
      <symbol id="sm-4">
         <name>__TI_Handler_Table_Base</name>
         <value>0xa40</value>
      </symbol>
      <symbol id="sm-5">
         <name>__TI_Handler_Table_Limit</name>
         <value>0xa4c</value>
      </symbol>
      <symbol id="sm-6">
         <name>binit</name>
         <value>0xffffffff</value>
      </symbol>
      <symbol id="sm-7">
         <name>__binit__</name>
         <value>0xffffffff</value>
      </symbol>
      <symbol id="sm-8">
         <name>__STACK_SIZE</name>
         <value>0x200</value>
      </symbol>
      <symbol id="sm-9">
         <name>__STACK_END</name>
         <value>0x20010000</value>
      </symbol>
      <symbol id="sm-a">
         <name>__SYSMEM_SIZE</name>
         <value>0x400</value>
      </symbol>
      <symbol id="sm-b">
         <name>__c_args__</name>
         <value>0xffffffff</value>
      </symbol>
      <symbol id="sm-c">
         <name>__TI_pprof_out_hndl</name>
         <value>0xffffffff</value>
      </symbol>
      <symbol id="sm-d">
         <name>__TI_prof_data_start</name>
         <value>0xffffffff</value>
      </symbol>
      <symbol id="sm-e">
         <name>__TI_prof_data_size</name>
         <value>0xffffffff</value>
      </symbol>
      <symbol id="sm-84">
         <name>_ZN6ButtonD2Ev</name>
         <value>0x50b</value>
         <object_component_ref idref="oc-d9"/>
      </symbol>
      <symbol id="sm-85">
         <name>_ZN6ButtonC1Ei</name>
         <value>0x52b</value>
         <object_component_ref idref="oc-d9"/>
      </symbol>
      <symbol id="sm-86">
         <name>_ZN6ButtonC1Ev</name>
         <value>0x4f1</value>
         <object_component_ref idref="oc-d9"/>
      </symbol>
      <symbol id="sm-87">
         <name>_ZN6ButtonD1Ev</name>
         <value>0x50b</value>
         <object_component_ref idref="oc-d9"/>
      </symbol>
      <symbol id="sm-88">
         <name>_ZTV6Button</name>
         <value>0x9b4</value>
         <object_component_ref idref="oc-152"/>
      </symbol>
      <symbol id="sm-89">
         <name>_ZTS6Button</name>
         <value>0xa1c</value>
         <object_component_ref idref="oc-204"/>
      </symbol>
      <symbol id="sm-8a">
         <name>_ZN6ButtonD0Ev</name>
         <value>0x517</value>
         <object_component_ref idref="oc-d9"/>
      </symbol>
      <symbol id="sm-8b">
         <name>_ZTI6Button</name>
         <value>0xa0c</value>
         <object_component_ref idref="oc-1c4"/>
      </symbol>
      <symbol id="sm-8c">
         <name>_ZN6Button7PressedEv</name>
         <value>0x561</value>
         <object_component_ref idref="oc-d9"/>
      </symbol>
      <symbol id="sm-8d">
         <name>_ZN6Button15ConfigureButtonEv</name>
         <value>0x57f</value>
         <object_component_ref idref="oc-d9"/>
      </symbol>
      <symbol id="sm-8e">
         <name>_ZN6ButtonC2Ei</name>
         <value>0x52b</value>
         <object_component_ref idref="oc-d9"/>
      </symbol>
      <symbol id="sm-8f">
         <name>_ZN6ButtonC2Ev</name>
         <value>0x4f1</value>
         <object_component_ref idref="oc-d9"/>
      </symbol>
      <symbol id="sm-a8">
         <name>main</name>
         <value>0x65d</value>
         <object_component_ref idref="oc-97"/>
      </symbol>
      <symbol id="sm-d1">
         <name>Reset_Handler</name>
         <value>0x933</value>
         <object_component_ref idref="oc-67"/>
      </symbol>
      <symbol id="sm-d2">
         <name>Default_Handler</name>
         <value>0x93f</value>
         <object_component_ref idref="oc-67"/>
      </symbol>
      <symbol id="sm-d3">
         <name>interruptVectors</name>
         <value>0x0</value>
         <object_component_ref idref="oc-23"/>
      </symbol>
      <symbol id="sm-11b">
         <name>SystemInit</name>
         <value>0x35d</value>
         <object_component_ref idref="oc-a9"/>
      </symbol>
      <symbol id="sm-11c">
         <name>SystemCoreClockUpdate</name>
         <value>0xe5</value>
         <object_component_ref idref="oc-a9"/>
      </symbol>
      <symbol id="sm-11d">
         <name>SystemCoreClock</name>
         <value>0x20000414</value>
         <object_component_ref idref="oc-125"/>
      </symbol>
      <symbol id="sm-159">
         <name>_ZSt15get_new_handlerv</name>
         <value>0x941</value>
         <object_component_ref idref="oc-139"/>
      </symbol>
      <symbol id="sm-15a">
         <name>_Znwj</name>
         <value>0x8d5</value>
         <object_component_ref idref="oc-d3"/>
      </symbol>
      <symbol id="sm-15b">
         <name>_ZdlPv</name>
         <value>0x94d</value>
         <object_component_ref idref="oc-1bd"/>
      </symbol>
      <symbol id="sm-15c">
         <name>_ZdlPvj</name>
         <value>0x95d</value>
         <object_component_ref idref="oc-14c"/>
      </symbol>
      <symbol id="sm-1b1">
         <name>_ZN10__cxxabiv117__class_type_infoD1Ev</name>
         <value>0x955</value>
         <object_component_ref idref="oc-21e"/>
      </symbol>
      <symbol id="sm-1b2">
         <name>_ZTSN10__cxxabiv120__si_class_type_infoE</name>
         <value>0x96c</value>
         <object_component_ref idref="oc-26d"/>
      </symbol>
      <symbol id="sm-1b3">
         <name>_ZTSN10__cxxabiv117__class_type_infoE</name>
         <value>0x991</value>
         <object_component_ref idref="oc-232"/>
      </symbol>
      <symbol id="sm-1b4">
         <name>_ZN10__cxxabiv117__class_type_infoD2Ev</name>
         <value>0x955</value>
         <object_component_ref idref="oc-21e"/>
      </symbol>
      <symbol id="sm-1b5">
         <name>_ZN10__cxxabiv120__si_class_type_infoD2Ev</name>
         <value>0x959</value>
         <object_component_ref idref="oc-255"/>
      </symbol>
      <symbol id="sm-1b6">
         <name>_ZTVN10__cxxabiv117__class_type_infoE</name>
         <value>0x9c4</value>
         <object_component_ref idref="oc-1ff"/>
      </symbol>
      <symbol id="sm-1b7">
         <name>_ZTIN10__cxxabiv117__class_type_infoE</name>
         <value>0x9f4</value>
         <object_component_ref idref="oc-219"/>
      </symbol>
      <symbol id="sm-1b8">
         <name>_ZN10__cxxabiv120__si_class_type_infoD1Ev</name>
         <value>0x959</value>
         <object_component_ref idref="oc-255"/>
      </symbol>
      <symbol id="sm-1b9">
         <name>_ZTIN10__cxxabiv120__si_class_type_infoE</name>
         <value>0xa00</value>
         <object_component_ref idref="oc-250"/>
      </symbol>
      <symbol id="sm-1ba">
         <name>_ZN10__cxxabiv117__class_type_infoD0Ev</name>
         <value>0x909</value>
         <object_component_ref idref="oc-224"/>
      </symbol>
      <symbol id="sm-1bb">
         <name>_ZTVN10__cxxabiv120__si_class_type_infoE</name>
         <value>0x9d4</value>
         <object_component_ref idref="oc-22d"/>
      </symbol>
      <symbol id="sm-1bc">
         <name>_ZN10__cxxabiv120__si_class_type_infoD0Ev</name>
         <value>0x917</value>
         <object_component_ref idref="oc-25b"/>
      </symbol>
      <symbol id="sm-1e5">
         <name>_ZTSSt9type_info</name>
         <value>0x9e4</value>
         <object_component_ref idref="oc-260"/>
      </symbol>
      <symbol id="sm-1e6">
         <name>_ZNSt9type_infoD2Ev</name>
         <value>0x969</value>
         <object_component_ref idref="oc-23c"/>
      </symbol>
      <symbol id="sm-1e7">
         <name>_ZNSt9type_infoD1Ev</name>
         <value>0x969</value>
         <object_component_ref idref="oc-23c"/>
      </symbol>
      <symbol id="sm-1e8">
         <name>_ZTISt9type_info</name>
         <value>0xa14</value>
         <object_component_ref idref="oc-237"/>
      </symbol>
      <symbol id="sm-201">
         <name>__TI_zero_init_nomemset</name>
         <value>0x8f7</value>
         <object_component_ref idref="oc-43"/>
      </symbol>
      <symbol id="sm-218">
         <name>__TI_decompress_none</name>
         <value>0x925</value>
         <object_component_ref idref="oc-1a"/>
      </symbol>
      <symbol id="sm-23b">
         <name>__TI_decompress_lzss</name>
         <value>0x755</value>
         <object_component_ref idref="oc-14"/>
      </symbol>
      <symbol id="sm-24e">
         <name>__stack</name>
         <value>0x2000fe00</value>
         <object_component_ref idref="oc-26"/>
      </symbol>
      <symbol id="sm-24f">
         <name>_c_int00_noargs</name>
         <value>0x83d</value>
         <object_component_ref idref="oc-55"/>
      </symbol>
      <symbol id="sm-25a">
         <name>C$$EXIT</name>
         <value>0x965</value>
         <object_component_ref idref="oc-e7"/>
      </symbol>
      <symbol id="sm-25b">
         <name>abort</name>
         <value>0x965</value>
         <object_component_ref idref="oc-e7"/>
      </symbol>
      <symbol id="sm-2d6">
         <name>_sys_memory</name>
         <value>0x20000000</value>
         <object_component_ref idref="oc-29"/>
      </symbol>
      <symbol id="sm-2d7">
         <name>free</name>
         <value>0x419</value>
         <object_component_ref idref="oc-1f8"/>
      </symbol>
      <symbol id="sm-2d8">
         <name>malloc</name>
         <value>0x6dd</value>
         <object_component_ref idref="oc-133"/>
      </symbol>
      <symbol id="sm-2d9">
         <name>minit</name>
         <value>0x875</value>
         <object_component_ref idref="oc-1a1"/>
      </symbol>
      <symbol id="sm-2ee">
         <name>_nop</name>
         <value>0x96b</value>
         <object_component_ref idref="oc-1d2"/>
      </symbol>
      <symbol id="sm-2ef">
         <name>_lock</name>
         <value>0x2000040c</value>
         <object_component_ref idref="oc-183"/>
      </symbol>
      <symbol id="sm-2f0">
         <name>_unlock</name>
         <value>0x20000410</value>
         <object_component_ref idref="oc-183"/>
      </symbol>
      <symbol id="sm-30d">
         <name>memcpy</name>
         <value>0x5c1</value>
         <object_component_ref idref="oc-37"/>
      </symbol>
      <symbol id="sm-30e">
         <name>__aeabi_memcpy</name>
         <value>0x5c1</value>
         <object_component_ref idref="oc-37"/>
      </symbol>
      <symbol id="sm-30f">
         <name>__aeabi_memcpy8</name>
         <value>0x5c1</value>
         <object_component_ref idref="oc-37"/>
      </symbol>
      <symbol id="sm-310">
         <name>__aeabi_memcpy4</name>
         <value>0x5c1</value>
         <object_component_ref idref="oc-37"/>
      </symbol>
      <symbol id="sm-339">
         <name>__TI_auto_init_nobinit_nopinit</name>
         <value>0x7bd</value>
         <object_component_ref idref="oc-f3"/>
      </symbol>
      <symbol id="sm-343">
         <name>_system_pre_init</name>
         <value>0x961</value>
         <object_component_ref idref="oc-91"/>
      </symbol>
      <symbol id="sm-345">
         <name>__TI_static_base__</name>
         <value>0x0</value>
      </symbol>
      <symbol id="sm-348">
         <name>__mpu_init</name>
         <value>0x0</value>
      </symbol>
      <symbol id="sm-349">
         <name>_system_post_cinit</name>
         <value>0x0</value>
      </symbol>
      <symbol id="sm-34a">
         <name>NMI_Handler</name>
         <value>0x93f</value>
      </symbol>
      <symbol id="sm-34b">
         <name>HardFault_Handler</name>
         <value>0x93f</value>
      </symbol>
      <symbol id="sm-34c">
         <name>MemManage_Handler</name>
         <value>0x93f</value>
      </symbol>
      <symbol id="sm-34d">
         <name>BusFault_Handler</name>
         <value>0x93f</value>
      </symbol>
      <symbol id="sm-34e">
         <name>UsageFault_Handler</name>
         <value>0x93f</value>
      </symbol>
      <symbol id="sm-34f">
         <name>SVC_Handler</name>
         <value>0x93f</value>
      </symbol>
      <symbol id="sm-350">
         <name>DebugMon_Handler</name>
         <value>0x93f</value>
      </symbol>
      <symbol id="sm-351">
         <name>PendSV_Handler</name>
         <value>0x93f</value>
      </symbol>
      <symbol id="sm-352">
         <name>SysTick_Handler</name>
         <value>0x93f</value>
      </symbol>
      <symbol id="sm-353">
         <name>PSS_IRQHandler</name>
         <value>0x93f</value>
      </symbol>
      <symbol id="sm-354">
         <name>CS_IRQHandler</name>
         <value>0x93f</value>
      </symbol>
      <symbol id="sm-355">
         <name>PCM_IRQHandler</name>
         <value>0x93f</value>
      </symbol>
      <symbol id="sm-356">
         <name>WDT_A_IRQHandler</name>
         <value>0x93f</value>
      </symbol>
      <symbol id="sm-357">
         <name>FPU_IRQHandler</name>
         <value>0x93f</value>
      </symbol>
      <symbol id="sm-358">
         <name>FLCTL_IRQHandler</name>
         <value>0x93f</value>
      </symbol>
      <symbol id="sm-359">
         <name>COMP_E0_IRQHandler</name>
         <value>0x93f</value>
      </symbol>
      <symbol id="sm-35a">
         <name>COMP_E1_IRQHandler</name>
         <value>0x93f</value>
      </symbol>
      <symbol id="sm-35b">
         <name>TA0_0_IRQHandler</name>
         <value>0x93f</value>
      </symbol>
      <symbol id="sm-35c">
         <name>TA0_N_IRQHandler</name>
         <value>0x93f</value>
      </symbol>
      <symbol id="sm-35d">
         <name>TA1_0_IRQHandler</name>
         <value>0x93f</value>
      </symbol>
      <symbol id="sm-35e">
         <name>TA1_N_IRQHandler</name>
         <value>0x93f</value>
      </symbol>
      <symbol id="sm-35f">
         <name>TA2_0_IRQHandler</name>
         <value>0x93f</value>
      </symbol>
      <symbol id="sm-360">
         <name>TA2_N_IRQHandler</name>
         <value>0x93f</value>
      </symbol>
      <symbol id="sm-361">
         <name>TA3_0_IRQHandler</name>
         <value>0x93f</value>
      </symbol>
      <symbol id="sm-362">
         <name>TA3_N_IRQHandler</name>
         <value>0x93f</value>
      </symbol>
      <symbol id="sm-363">
         <name>EUSCIA0_IRQHandler</name>
         <value>0x93f</value>
      </symbol>
      <symbol id="sm-364">
         <name>EUSCIA1_IRQHandler</name>
         <value>0x93f</value>
      </symbol>
      <symbol id="sm-365">
         <name>EUSCIA2_IRQHandler</name>
         <value>0x93f</value>
      </symbol>
      <symbol id="sm-366">
         <name>EUSCIA3_IRQHandler</name>
         <value>0x93f</value>
      </symbol>
      <symbol id="sm-367">
         <name>EUSCIB0_IRQHandler</name>
         <value>0x93f</value>
      </symbol>
      <symbol id="sm-368">
         <name>EUSCIB1_IRQHandler</name>
         <value>0x93f</value>
      </symbol>
      <symbol id="sm-369">
         <name>EUSCIB2_IRQHandler</name>
         <value>0x93f</value>
      </symbol>
      <symbol id="sm-36a">
         <name>EUSCIB3_IRQHandler</name>
         <value>0x93f</value>
      </symbol>
      <symbol id="sm-36b">
         <name>ADC14_IRQHandler</name>
         <value>0x93f</value>
      </symbol>
      <symbol id="sm-36c">
         <name>T32_INT1_IRQHandler</name>
         <value>0x93f</value>
      </symbol>
      <symbol id="sm-36d">
         <name>T32_INT2_IRQHandler</name>
         <value>0x93f</value>
      </symbol>
      <symbol id="sm-36e">
         <name>T32_INTC_IRQHandler</name>
         <value>0x93f</value>
      </symbol>
      <symbol id="sm-36f">
         <name>AES256_IRQHandler</name>
         <value>0x93f</value>
      </symbol>
      <symbol id="sm-370">
         <name>RTC_C_IRQHandler</name>
         <value>0x93f</value>
      </symbol>
      <symbol id="sm-371">
         <name>DMA_ERR_IRQHandler</name>
         <value>0x93f</value>
      </symbol>
      <symbol id="sm-372">
         <name>DMA_INT3_IRQHandler</name>
         <value>0x93f</value>
      </symbol>
      <symbol id="sm-373">
         <name>DMA_INT2_IRQHandler</name>
         <value>0x93f</value>
      </symbol>
      <symbol id="sm-374">
         <name>DMA_INT1_IRQHandler</name>
         <value>0x93f</value>
      </symbol>
      <symbol id="sm-375">
         <name>DMA_INT0_IRQHandler</name>
         <value>0x93f</value>
      </symbol>
      <symbol id="sm-376">
         <name>PORT1_IRQHandler</name>
         <value>0x93f</value>
      </symbol>
      <symbol id="sm-377">
         <name>PORT2_IRQHandler</name>
         <value>0x93f</value>
      </symbol>
      <symbol id="sm-378">
         <name>PORT3_IRQHandler</name>
         <value>0x93f</value>
      </symbol>
      <symbol id="sm-379">
         <name>PORT4_IRQHandler</name>
         <value>0x93f</value>
      </symbol>
      <symbol id="sm-37a">
         <name>PORT5_IRQHandler</name>
         <value>0x93f</value>
      </symbol>
      <symbol id="sm-37b">
         <name>PORT6_IRQHandler</name>
         <value>0x93f</value>
      </symbol>
      <symbol id="sm-37c">
         <name>_ZSt17__throw_bad_allocv</name>
         <value>0x965</value>
      </symbol>
   </symbol_table>
   <title>Link successful</title>
</link_info>
